<!doctype html public "-//w3c//dtd html 4.0 transitional//en">
<html><head>
<title>Static Call Graph - [ST_emWin_Freertos\ST_emWin_Freertos.axf]</title></head>
<body><HR>
<H1>Static Call Graph for image ST_emWin_Freertos\ST_emWin_Freertos.axf</H1><HR>
<BR><P>#&#060CALLGRAPH&#062# ARM Linker, 5060960: Last Updated: Mon Dec 04 06:26:23 2023
<BR><P>
<H3>Maximum Stack Usage =        328 bytes + Unknown(Functions without stacksize, Cycles, Untraceable Function Pointers)</H3><H3>
Call chain for Maximum Stack Depth:</H3>
USBH_Process_OS &rArr; USBH_Process &rArr; USBH_HandleEnum &rArr; USBH_Get_StringDesc &rArr; USBH_GetDescriptor &rArr; USBH_CtlReq &rArr; USBH_HandleControl &rArr; osMessagePut &rArr; xQueueGenericSend &rArr; xTaskResumeAll &rArr; xTaskIncrementTick
<P>
<H3>
Functions with no stack information
</H3><UL>
 <LI><a href="#[8c]">FRAMEWIN_Callback</a>
 <LI><a href="#[e1]">FRAMEWIN_CreateIndirect</a>
 <LI><a href="#[14]">FRAMEWIN_DrawSkinFlex</a>
 <LI><a href="#[1a9]">FRAMEWIN_GetActive</a>
 <LI><a href="#[19b]">FRAMEWIN__CalcPositions</a>
 <LI><a href="#[1ba]">FRAMEWIN__CalcTitleHeight</a>
 <LI><a href="#[13]">FRAMEWIN__GetBorderSize</a>
 <LI><a href="#[1b8]">FRAMEWIN__GetTitleLimits</a>
 <LI><a href="#[1c1]">GL_DrawLine1Ex</a>
 <LI><a href="#[1c2]">GL_DrawPoint</a>
 <LI><a href="#[1c4]">GL_FillCircle</a>
 <LI><a href="#[241]">GL_FillPolygon</a>
 <LI><a href="#[1c5]">GL_SetDefault</a>
 <LI><a href="#[1c8]">GRAPH_AttachData</a>
 <LI><a href="#[1ca]">GRAPH_AttachScale</a>
 <LI><a href="#[8e]">GRAPH_Callback</a>
 <LI><a href="#[e4]">GRAPH_CreateIndirect</a>
 <LI><a href="#[1e1]">GRAPH_DATA_YT_AddValue</a>
 <LI><a href="#[1e3]">GRAPH_DATA_YT_Create</a>
 <LI><a href="#[1e5]">GRAPH_SCALE_Create</a>
 <LI><a href="#[1e6]">GRAPH_SCALE_SetFactor</a>
 <LI><a href="#[1e7]">GRAPH_SCALE_SetOff</a>
 <LI><a href="#[1e8]">GRAPH_SCALE_SetTickDist</a>
 <LI><a href="#[1e9]">GRAPH_SetBorder</a>
 <LI><a href="#[1ea]">GRAPH_SetColor</a>
 <LI><a href="#[1eb]">GRAPH_SetGridFixedX</a>
 <LI><a href="#[1ec]">GRAPH_SetGridVis</a>
 <LI><a href="#[1ed]">GRAPH_SetLineStyleH</a>
 <LI><a href="#[1ee]">GRAPH_SetLineStyleV</a>
 <LI><a href="#[1e2]">GRAPH__AddValue</a>
 <LI><a href="#[1f1]">GRAPH__InvalidateGraph</a>
 <LI><a href="#[420]">GUICC_M1555I_SetCustColorConv</a>
 <LI><a href="#[422]">GUICC_M4444I_SetCustColorConv</a>
 <LI><a href="#[421]">GUICC_M565_SetCustColorConv</a>
 <LI><a href="#[424]">GUICC_M8888I_SetCustColorConv</a>
 <LI><a href="#[423]">GUICC_M888_SetCustColorConv</a>
 <LI><a href="#[145]">GUIMONO_DispChar</a>
 <LI><a href="#[146]">GUIMONO_GetCharDistX</a>
 <LI><a href="#[147]">GUIMONO_GetFontInfo</a>
 <LI><a href="#[148]">GUIMONO_IsInFont</a>
 <LI><a href="#[141]">GUIPROP_DispChar</a>
 <LI><a href="#[142]">GUIPROP_GetCharDistX</a>
 <LI><a href="#[143]">GUIPROP_GetFontInfo</a>
 <LI><a href="#[144]">GUIPROP_IsInFont</a>
 <LI><a href="#[1f6]">GUITASK_CopyContext</a>
 <LI><a href="#[1f8]">GUITASK_Init</a>
 <LI><a href="#[1fc]">GUI_ALLOC_AllocInit</a>
 <LI><a href="#[1fe]">GUI_ALLOC_AllocNoInit</a>
 <LI><a href="#[1e4]">GUI_ALLOC_AllocZero</a>
 <LI><a href="#[370]">GUI_ALLOC_AssignMemory</a>
 <LI><a href="#[1d7]">GUI_ALLOC_Free</a>
 <LI><a href="#[222]">GUI_ALLOC_FreeFixedBlock</a>
 <LI><a href="#[19d]">GUI_ALLOC_FreePtr</a>
 <LI><a href="#[1fa]">GUI_ALLOC_GetFixedBlock</a>
 <LI><a href="#[202]">GUI_ALLOC_GetMaxSize</a>
 <LI><a href="#[2bd]">GUI_ALLOC_GetSize</a>
 <LI><a href="#[22a]">GUI_ALLOC_Lock</a>
 <LI><a href="#[192]">GUI_ALLOC_LockH</a>
 <LI><a href="#[203]">GUI_ALLOC_Realloc</a>
 <LI><a href="#[204]">GUI_ALLOC_RequestSize</a>
 <LI><a href="#[22c]">GUI_ALLOC_Unlock</a>
 <LI><a href="#[193]">GUI_ALLOC_UnlockH</a>
 <LI><a href="#[21e]">GUI_ALLOC_h2p</a>
 <LI><a href="#[1c9]">GUI_ARRAY_AddItem</a>
 <LI><a href="#[1e0]">GUI_ARRAY_Create</a>
 <LI><a href="#[1d8]">GUI_ARRAY_Delete</a>
 <LI><a href="#[205]">GUI_ARRAY_DeleteItem</a>
 <LI><a href="#[1d0]">GUI_ARRAY_GetNumItems</a>
 <LI><a href="#[1d1]">GUI_ARRAY_GethItem</a>
 <LI><a href="#[206]">GUI_ARRAY_GetpItemLocked</a>
 <LI><a href="#[22e]">GUI_AddDecShift</a>
 <LI><a href="#[207]">GUI_CURSOR_GetStateEx</a>
 <LI><a href="#[208]">GUI_CURSOR_SelectEx</a>
 <LI><a href="#[211]">GUI_CURSOR_SetPositionEx</a>
 <LI><a href="#[333]">GUI_CalcColorDist</a>
 <LI><a href="#[1bf]">GUI_Clear</a>
 <LI><a href="#[1dc]">GUI_ClearRect</a>
 <LI><a href="#[217]">GUI_CreateDialogBox</a>
 <LI><a href="#[21f]">GUI_DEVICE_Create</a>
 <LI><a href="#[220]">GUI_DEVICE_CreateAndLink</a>
 <LI><a href="#[221]">GUI_DEVICE_Delete</a>
 <LI><a href="#[266]">GUI_DEVICE_Link</a>
 <LI><a href="#[260]">GUI_DEVICE_LinkDevices</a>
 <LI><a href="#[292]">GUI_DEVICE_Unlink</a>
 <LI><a href="#[25f]">GUI_DEVICE_UnlinkTaskDevices</a>
 <LI><a href="#[26c]">GUI_DEVICE__GetpDriver</a>
 <LI><a href="#[223]">GUI_DRAW_BITMAP_Create</a>
 <LI><a href="#[224]">GUI_DRAW__Draw</a>
 <LI><a href="#[225]">GUI_DRAW__GetXSize</a>
 <LI><a href="#[226]">GUI_DRAW__GetYSize</a>
 <LI><a href="#[227]">GUI_Delay</a>
 <LI><a href="#[22d]">GUI_DispDecShift</a>
 <LI><a href="#[230]">GUI_DispFloatMin</a>
 <LI><a href="#[22f]">GUI_DispString</a>
 <LI><a href="#[1b3]">GUI_DispStringInRect</a>
 <LI><a href="#[20c]">GUI_DrawBitmap</a>
 <LI><a href="#[23f]">GUI_DrawFocusRect</a>
 <LI><a href="#[a5]">GUI_DrawGradientH</a>
 <LI><a href="#[a4]">GUI_DrawGradientV</a>
 <LI><a href="#[240]">GUI_DrawGraphEx</a>
 <LI><a href="#[1ad]">GUI_DrawHLine</a>
 <LI><a href="#[1df]">GUI_DrawLine</a>
 <LI><a href="#[1b4]">GUI_DrawPixel</a>
 <LI><a href="#[242]">GUI_DrawRect</a>
 <LI><a href="#[1af]">GUI_DrawVLine</a>
 <LI><a href="#[229]">GUI_Exec</a>
 <LI><a href="#[1ae]">GUI_FillRect</a>
 <LI><a href="#[1b0]">GUI_FillRectEx</a>
 <LI><a href="#[294]">GUI_GetBitmapPixelIndex</a>
 <LI><a href="#[336]">GUI_GetBitmapPixelIndexEx</a>
 <LI><a href="#[285]">GUI_GetBitsPerPixelEx</a>
 <LI><a href="#[1f5]">GUI_GetBkColor</a>
 <LI><a href="#[246]">GUI_GetCharDistX</a>
 <LI><a href="#[247]">GUI_GetCharDistXEx</a>
 <LI><a href="#[248]">GUI_GetClientRect</a>
 <LI><a href="#[1f4]">GUI_GetColor</a>
 <LI><a href="#[209]">GUI_GetCursorLayer</a>
 <LI><a href="#[24a]">GUI_GetDrawMode</a>
 <LI><a href="#[236]">GUI_GetFontDistY</a>
 <LI><a href="#[24b]">GUI_GetFontSizeY</a>
 <LI><a href="#[24c]">GUI_GetLayerPosEx</a>
 <LI><a href="#[1dd]">GUI_GetLineStyle</a>
 <LI><a href="#[24e]">GUI_GetOrg</a>
 <LI><a href="#[24f]">GUI_GetStringDistX</a>
 <LI><a href="#[251]">GUI_GetTime</a>
 <LI><a href="#[2af]">GUI_GetVersionString</a>
 <LI><a href="#[237]">GUI_GetYAdjust</a>
 <LI><a href="#[2c6]">GUI_GetYDistOfFont</a>
 <LI><a href="#[1b9]">GUI_GetYSizeOfFont</a>
 <LI><a href="#[287]">GUI_GetpfColor2IndexEx</a>
 <LI><a href="#[286]">GUI_GetpfIndex2ColorEx</a>
 <LI><a href="#[214]">GUI_GotoXY</a>
 <LI><a href="#[252]">GUI_Init</a>
 <LI><a href="#[19e]">GUI_Lock</a>
 <LI><a href="#[233]">GUI_Long2Len</a>
 <LI><a href="#[261]">GUI_MEMDEV_Clear</a>
 <LI><a href="#[262]">GUI_MEMDEV_CopyToLCD</a>
 <LI><a href="#[26a]">GUI_MEMDEV_CreateEx</a>
 <LI><a href="#[26d]">GUI_MEMDEV_Delete</a>
 <LI><a href="#[26f]">GUI_MEMDEV_Draw</a>
 <LI><a href="#[279]">GUI_MEMDEV_GetBitsPerPixel</a>
 <LI><a href="#[27b]">GUI_MEMDEV_GetDataPtr</a>
 <LI><a href="#[272]">GUI_MEMDEV_GetYSize</a>
 <LI><a href="#[ad]">GUI_MEMDEV_Paint1Static</a>
 <LI><a href="#[274]">GUI_MEMDEV_ReduceYSize</a>
 <LI><a href="#[273]">GUI_MEMDEV_Select</a>
 <LI><a href="#[275]">GUI_MEMDEV_SetOrg</a>
 <LI><a href="#[27e]">GUI_MEMDEV_Write</a>
 <LI><a href="#[26b]">GUI_MEMDEV__CreateFixed</a>
 <LI><a href="#[c6]">GUI_MEMDEV__WriteToActiveAlpha</a>
 <LI><a href="#[282]">GUI_MEMDEV__WriteToActiveAt</a>
 <LI><a href="#[c5]">GUI_MEMDEV__WriteToActiveOpaque</a>
 <LI><a href="#[3dc]">GUI_MULTIBUF_ConfirmEx</a>
 <LI><a href="#[31f]">GUI_MergeRect</a>
 <LI><a href="#[306]">GUI_MoveRect</a>
 <LI><a href="#[30b]">GUI_PID_GetState</a>
 <LI><a href="#[30a]">GUI_PID_IsEmpty</a>
 <LI><a href="#[28a]">GUI_PID_StoreState</a>
 <LI><a href="#[28c]">GUI_PollKeyMsg</a>
 <LI><a href="#[28e]">GUI_ReadRectEx</a>
 <LI><a href="#[324]">GUI_RectsIntersect</a>
 <LI><a href="#[290]">GUI_RestoreContext</a>
 <LI><a href="#[210]">GUI_SPRITE_Delete</a>
 <LI><a href="#[213]">GUI_SPRITE_SetPosition</a>
 <LI><a href="#[20f]">GUI_SPRITE_Show</a>
 <LI><a href="#[20a]">GUI_SPRITE__CreateEx</a>
 <LI><a href="#[299]">GUI_SaveContext_W</a>
 <LI><a href="#[269]">GUI_SelectLCD</a>
 <LI><a href="#[20b]">GUI_SelectLayer</a>
 <LI><a href="#[1ce]">GUI_SetBkColor</a>
 <LI><a href="#[1ac]">GUI_SetColor</a>
 <LI><a href="#[23e]">GUI_SetDrawMode</a>
 <LI><a href="#[1b2]">GUI_SetFont</a>
 <LI><a href="#[425]">GUI_SetFuncDrawAlpha</a>
 <LI><a href="#[212]">GUI_SetLayerPosEx</a>
 <LI><a href="#[20d]">GUI_SetLayerSizeEx</a>
 <LI><a href="#[20e]">GUI_SetLayerVisEx</a>
 <LI><a href="#[1de]">GUI_SetLineStyle</a>
 <LI><a href="#[25c]">GUI_SetOrg</a>
 <LI><a href="#[29e]">GUI_SetTextAlign</a>
 <LI><a href="#[1b1]">GUI_SetTextMode</a>
 <LI><a href="#[28b]">GUI_SignalEvent</a>
 <LI><a href="#[29f]">GUI_StoreKey</a>
 <LI><a href="#[2a0]">GUI_TIMER_Create</a>
 <LI><a href="#[2a2]">GUI_TIMER_Delete</a>
 <LI><a href="#[97]">GUI_TIMER_Exec</a>
 <LI><a href="#[2a3]">GUI_TIMER_GetFlag</a>
 <LI><a href="#[2a4]">GUI_TIMER_Restart</a>
 <LI><a href="#[2a5]">GUI_TIMER_SetPeriod</a>
 <LI><a href="#[2a6]">GUI_TIMER__GetFirstTimer</a>
 <LI><a href="#[2a7]">GUI_TIMER__GetNextTimerLin</a>
 <LI><a href="#[2a8]">GUI_TOUCH_StoreState</a>
 <LI><a href="#[2a9]">GUI_TOUCH_StoreStateEx</a>
 <LI><a href="#[2b8]">GUI_UC__GetCharCodeInc</a>
 <LI><a href="#[23b]">GUI_UC__NumChars2NumBytes</a>
 <LI><a href="#[335]">GUI_USAGE_AddRect</a>
 <LI><a href="#[283]">GUI_USAGE_BM_Create</a>
 <LI><a href="#[26e]">GUI_USAGE_DecUseCnt</a>
 <LI><a href="#[1a0]">GUI_Unlock</a>
 <LI><a href="#[2ac]">GUI__AllocAlphaBuffer</a>
 <LI><a href="#[27c]">GUI__AlphaPreserveTrans</a>
 <LI><a href="#[288]">GUI__CompactPixelIndices</a>
 <LI><a href="#[33c]">GUI__CompactPixelIndicesEx</a>
 <LI><a href="#[253]">GUI__Config</a>
 <LI><a href="#[23a]">GUI__DispLine</a>
 <LI><a href="#[23d]">GUI__DispStringInRect</a>
 <LI><a href="#[2e1]">GUI__DivideRound32</a>
 <LI><a href="#[2b4]">GUI__DoAlphaBlending</a>
 <LI><a href="#[1ab]">GUI__DrawTwinArc2</a>
 <LI><a href="#[2b5]">GUI__ExpandPixelIndicesEx</a>
 <LI><a href="#[2b7]">GUI__GetAlphaBuffer</a>
 <LI><a href="#[239]">GUI__GetLineDistX</a>
 <LI><a href="#[238]">GUI__GetLineNumChars</a>
 <LI><a href="#[250]">GUI__GetNumChars</a>
 <LI><a href="#[2b3]">GUI__HandleEOLine</a>
 <LI><a href="#[300]">GUI__IntersectRect</a>
 <LI><a href="#[23c]">GUI__IntersectRects</a>
 <LI><a href="#[2b9]">GUI__ManageCache</a>
 <LI><a href="#[11]">GUI__MixColors</a>
 <LI><a href="#[12]">GUI__MixColorsBulk</a>
 <LI><a href="#[1cf]">GUI__ReduceRect</a>
 <LI><a href="#[1f9]">GUI__RegisterExit</a>
 <LI><a href="#[2ba]">GUI__SetPixelAlpha</a>
 <LI><a href="#[1a8]">GUI__SetText</a>
 <LI><a href="#[2bf]">GUI__memset</a>
 <LI><a href="#[337]">GUI__memset16</a>
 <LI><a href="#[2b6]">GUI__sqrt32</a>
 <LI><a href="#[2c0]">HEADER_AddItem</a>
 <LI><a href="#[9d]">HEADER_Callback</a>
 <LI><a href="#[e2]">HEADER_CreateIndirect</a>
 <LI><a href="#[2c7]">HEADER_DeleteItem</a>
 <LI><a href="#[15]">HEADER_DrawSkinFlex</a>
 <LI><a href="#[2c8]">HEADER_SetBitmap</a>
 <LI><a href="#[2c9]">HEADER__SetDrawObj</a>
 <LI><a href="#[24]">LCD_AA_MixColors16</a>
 <LI><a href="#[2ae]">LCD_AA_SetOrMask</a>
 <LI><a href="#[2bc]">LCD_Color2Index</a>
 <LI><a href="#[f1]">LCD_Color2Index_8666</a>
 <LI><a href="#[1f2]">LCD_DrawBitmap</a>
 <LI><a href="#[125]">LCD_DrawHLine</a>
 <LI><a href="#[126]">LCD_DrawPixel</a>
 <LI><a href="#[1c3]">LCD_DrawVLine</a>
 <LI><a href="#[1f3]">LCD_FillRect</a>
 <LI><a href="#[2ca]">LCD_GetBitsPerPixelEx</a>
 <LI><a href="#[244]">LCD_GetBkColorIndex</a>
 <LI><a href="#[249]">LCD_GetColorIndex</a>
 <LI><a href="#[2cb]">LCD_GetMirrorXEx</a>
 <LI><a href="#[2cc]">LCD_GetMirrorYEx</a>
 <LI><a href="#[2cd]">LCD_GetNumColors</a>
 <LI><a href="#[2ce]">LCD_GetNumColorsEx</a>
 <LI><a href="#[2cf]">LCD_GetNumLayers</a>
 <LI><a href="#[2d0]">LCD_GetPalette</a>
 <LI><a href="#[2bb]">LCD_GetPixelColor</a>
 <LI><a href="#[2d1]">LCD_GetPixelIndex</a>
 <LI><a href="#[24d]">LCD_GetPosEx</a>
 <LI><a href="#[2d2]">LCD_GetSwapXYEx</a>
 <LI><a href="#[277]">LCD_GetVXSizeEx</a>
 <LI><a href="#[2ad]">LCD_GetVXSizeMax</a>
 <LI><a href="#[278]">LCD_GetVYSizeEx</a>
 <LI><a href="#[27f]">LCD_GetXSize</a>
 <LI><a href="#[257]">LCD_GetXSizeDisplay</a>
 <LI><a href="#[270]">LCD_GetXSizeEx</a>
 <LI><a href="#[259]">LCD_GetXSizeMax</a>
 <LI><a href="#[280]">LCD_GetYSize</a>
 <LI><a href="#[258]">LCD_GetYSizeDisplay</a>
 <LI><a href="#[271]">LCD_GetYSizeEx</a>
 <LI><a href="#[25a]">LCD_GetYSizeMax</a>
 <LI><a href="#[10]">LCD_GetpPalConvTableBM</a>
 <LI><a href="#[245]">LCD_Index2Color</a>
 <LI><a href="#[af]">LCD_Index2Color_555</a>
 <LI><a href="#[b0]">LCD_Index2Color_565</a>
 <LI><a href="#[f2]">LCD_Index2Color_8666</a>
 <LI><a href="#[10f]">LCD_Index2Color_888</a>
 <LI><a href="#[114]">LCD_Index2Color_8888</a>
 <LI><a href="#[b1]">LCD_Index2Color_M555</a>
 <LI><a href="#[b2]">LCD_Index2Color_M565</a>
 <LI><a href="#[9c]">LCD_Index2Color_M888</a>
 <LI><a href="#[9b]">LCD_Index2Color_M8888I</a>
 <LI><a href="#[2d3]">LCD_InitColors</a>
 <LI><a href="#[2d4]">LCD_InitLUT</a>
 <LI><a href="#[29a]">LCD_SelectLCD</a>
 <LI><a href="#[1be]">LCD_SetBkColor</a>
 <LI><a href="#[2db]">LCD_SetBkColorIndex</a>
 <LI><a href="#[2d6]">LCD_SetClipRectEx</a>
 <LI><a href="#[268]">LCD_SetClipRectMax</a>
 <LI><a href="#[1c6]">LCD_SetColor</a>
 <LI><a href="#[2da]">LCD_SetColorIndex</a>
 <LI><a href="#[2d7]">LCD_SetDevFunc</a>
 <LI><a href="#[25b]">LCD_SetDisplaySize</a>
 <LI><a href="#[1c7]">LCD_SetDrawMode</a>
 <LI><a href="#[2d5]">LCD_SetLUTEntryEx</a>
 <LI><a href="#[29b]">LCD_SetPosEx</a>
 <LI><a href="#[29c]">LCD_SetSizeEx</a>
 <LI><a href="#[2d8]">LCD_SetVRAMAddrEx</a>
 <LI><a href="#[2d9]">LCD_SetVSizeEx</a>
 <LI><a href="#[29d]">LCD_SetVisEx</a>
 <LI><a href="#[267]">LCD_UpdateColorIndices</a>
 <LI><a href="#[289]">LCD__DrawBitmap_1bpp</a>
 <LI><a href="#[27a]">LCD__GetBPPDevice</a>
 <LI><a href="#[9f]">SCROLLBAR_Callback</a>
 <LI><a href="#[2e3]">SCROLLBAR_CreateAttached</a>
 <LI><a href="#[1f]">SCROLLBAR_DrawSkinFlex</a>
 <LI><a href="#[1d4]">SCROLLBAR_GetValue</a>
 <LI><a href="#[332]">SCROLLBAR__Rect2VRect</a>
 <LI><a href="#[a6]">SLIDER_Callback</a>
 <LI><a href="#[e3]">SLIDER_CreateIndirect</a>
 <LI><a href="#[16]">SLIDER_DrawSkinFlex</a>
 <LI><a href="#[2e8]">SLIDER_GetFlag</a>
 <LI><a href="#[2e9]">SLIDER_GetValue</a>
 <LI><a href="#[2ea]">SLIDER_SetRange</a>
 <LI><a href="#[2df]">WIDGET_AndState</a>
 <LI><a href="#[2c5]">WIDGET_GetDefaultEffect</a>
 <LI><a href="#[195]">WIDGET_HandleActive</a>
 <LI><a href="#[1a3]">WIDGET_OrState</a>
 <LI><a href="#[2e5]">WIDGET__DrawTriangle</a>
 <LI><a href="#[1cc]">WIDGET__EFFECT_DrawDownRect</a>
 <LI><a href="#[2ee]">WIDGET__GetClientRect</a>
 <LI><a href="#[2e6]">WIDGET__GetWindowSizeX</a>
 <LI><a href="#[1a6]">WIDGET__Init</a>
 <LI><a href="#[2e4]">WIDGET__RotateRect90</a>
 <LI><a href="#[2f0]">WIDGET__SetScrollState</a>
 <LI><a href="#[264]">WM_Activate</a>
 <LI><a href="#[2f3]">WM_BringToBottom</a>
 <LI><a href="#[199]">WM_BringToTop</a>
 <LI><a href="#[33b]">WM_CheckScrollBounds</a>
 <LI><a href="#[2e2]">WM_CreateTimer</a>
 <LI><a href="#[1a5]">WM_CreateWindowAsChild</a>
 <LI><a href="#[265]">WM_Deactivate</a>
 <LI><a href="#[196]">WM_DefaultProc</a>
 <LI><a href="#[2e0]">WM_DeleteTimer</a>
 <LI><a href="#[21a]">WM_DeleteWindow</a>
 <LI><a href="#[1a7]">WM_DisableMemdev</a>
 <LI><a href="#[243]">WM_Exec</a>
 <LI><a href="#[2f8]">WM_ForEachDesc</a>
 <LI><a href="#[309]">WM_GetActiveWindow</a>
 <LI><a href="#[1cb]">WM_GetClientRect</a>
 <LI><a href="#[303]">WM_GetClientRectEx</a>
 <LI><a href="#[218]">WM_GetClientWindow</a>
 <LI><a href="#[21b]">WM_GetDesktopWindow</a>
 <LI><a href="#[321]">WM_GetDesktopWindowEx</a>
 <LI><a href="#[2f1]">WM_GetDialogItem</a>
 <LI><a href="#[1bb]">WM_GetFirstChild</a>
 <LI><a href="#[21d]">WM_GetFocusedWindow</a>
 <LI><a href="#[1d5]">WM_GetId</a>
 <LI><a href="#[2c4]">WM_GetInsideRectEx</a>
 <LI><a href="#[1d9]">WM_GetInsideRectExScrollbar</a>
 <LI><a href="#[1bc]">WM_GetNextSibling</a>
 <LI><a href="#[1da]">WM_GetOrgX</a>
 <LI><a href="#[1db]">WM_GetOrgY</a>
 <LI><a href="#[1bd]">WM_GetParent</a>
 <LI><a href="#[2dc]">WM_GetScrollPartner</a>
 <LI><a href="#[1d3]">WM_GetScrollbarH</a>
 <LI><a href="#[1d2]">WM_GetScrollbarV</a>
 <LI><a href="#[27d]">WM_GetWindowOrgX</a>
 <LI><a href="#[308]">WM_GetWindowRectEx</a>
 <LI><a href="#[2ef]">WM_GetWindowSizeX</a>
 <LI><a href="#[1b7]">WM_GetWindowSizeY</a>
 <LI><a href="#[95]">WM_HandlePID</a>
 <LI><a href="#[323]">WM_HasCaptured</a>
 <LI><a href="#[1a2]">WM_HasFocus</a>
 <LI><a href="#[314]">WM_HideWindow</a>
 <LI><a href="#[25d]">WM_Init</a>
 <LI><a href="#[1f0]">WM_InvalidateRect</a>
 <LI><a href="#[19f]">WM_InvalidateWindow</a>
 <LI><a href="#[317]">WM_InvalidateWindowAndDescs</a>
 <LI><a href="#[318]">WM_InvalidateWindowAndDescsEx</a>
 <LI><a href="#[2e7]">WM_IsFocusable</a>
 <LI><a href="#[1a1]">WM_IsWindow</a>
 <LI><a href="#[31a]">WM_MoveWindow</a>
 <LI><a href="#[2c3]">WM_NotifyParent</a>
 <LI><a href="#[28d]">WM_OnKey</a>
 <LI><a href="#[30f]">WM_PID__SetPrevState</a>
 <LI><a href="#[313]">WM_ReleaseCapture</a>
 <LI><a href="#[31d]">WM_ResizeWindow</a>
 <LI><a href="#[2dd]">WM_RestartTimer</a>
 <LI><a href="#[311]">WM_Screen2hWin</a>
 <LI><a href="#[304]">WM_SendMessage</a>
 <LI><a href="#[21c]">WM_SendMessageNoPara</a>
 <LI><a href="#[2fb]">WM_SendToParent</a>
 <LI><a href="#[2de]">WM_SetCapture</a>
 <LI><a href="#[19a]">WM_SetCaptureMove</a>
 <LI><a href="#[194]">WM_SetFocus</a>
 <LI><a href="#[1a4]">WM_SetFocusOnNextChild</a>
 <LI><a href="#[1c0]">WM_SetFocusOnPrevChild</a>
 <LI><a href="#[1aa]">WM_SetHasTrans</a>
 <LI><a href="#[2f2]">WM_SetScrollState</a>
 <LI><a href="#[329]">WM_SetScrollbarH</a>
 <LI><a href="#[32b]">WM_SetScrollbarV</a>
 <LI><a href="#[281]">WM_SetSize</a>
 <LI><a href="#[1cd]">WM_SetUserClipRect</a>
 <LI><a href="#[219]">WM_ShowWindow</a>
 <LI><a href="#[328]">WM_ValidateWindow</a>
 <LI><a href="#[32c]">WM__ActivateClipRect</a>
 <LI><a href="#[30c]">WM__AddCriticalHandle</a>
 <LI><a href="#[2fd]">WM__DeleteAssocTimer</a>
 <LI><a href="#[32a]">WM__DeleteSecure</a>
 <LI><a href="#[302]">WM__ForEachDesc</a>
 <LI><a href="#[2fa]">WM__GetClientRectEx</a>
 <LI><a href="#[2ec]">WM__GetClientRectWin</a>
 <LI><a href="#[325]">WM__GetFocusedChild</a>
 <LI><a href="#[327]">WM__GetLastSibling</a>
 <LI><a href="#[216]">WM__GetNextIVR</a>
 <LI><a href="#[2f4]">WM__GetPrevSibling</a>
 <LI><a href="#[326]">WM__GetTopLevelLayer</a>
 <LI><a href="#[1b5]">WM__GetWindowSizeX</a>
 <LI><a href="#[1b6]">WM__GetWindowSizeY</a>
 <LI><a href="#[215]">WM__InitIVRSearch</a>
 <LI><a href="#[2f7]">WM__InsertWindowIntoList</a>
 <LI><a href="#[316]">WM__InvalidateDrawAndDescs</a>
 <LI><a href="#[31c]">WM__InvalidateParent</a>
 <LI><a href="#[2fe]">WM__InvalidateRect</a>
 <LI><a href="#[2f5]">WM__InvalidateRectEx</a>
 <LI><a href="#[198]">WM__IsAncestor</a>
 <LI><a href="#[197]">WM__IsAncestorOrSelf</a>
 <LI><a href="#[30d]">WM__IsEnabled</a>
 <LI><a href="#[319]">WM__IsWindow</a>
 <LI><a href="#[ac]">WM__Paint1</a>
 <LI><a href="#[310]">WM__RemoveCriticalHandle</a>
 <LI><a href="#[2f6]">WM__RemoveWindowFromList</a>
 <LI><a href="#[2ed]">WM__Screen2Client</a>
 <LI><a href="#[19c]">WM__SendMessage</a>
 <LI><a href="#[312]">WM__SendMessageIfEnabled</a>
 <LI><a href="#[276]">WM__SendMessageNoPara</a>
 <LI><a href="#[320]">WM__SendMsgNoData</a>
 <LI><a href="#[30e]">WM__SendTouchMessage</a>
 <LI><a href="#[2eb]">WM__UpdateChildPositions</a>
 <LI><a href="#[256]">emWin_LCD_Init</a>
 <LI><a href="#[e6]">_Color2Index_1616I</a>
 <LI><a href="#[e7]">_Index2Color_1616I</a>
 <LI><a href="#[e8]">_GetIndexMask_1616I</a>
 <LI><a href="#[e9]">_Color2IndexBulk_1616I</a>
 <LI><a href="#[ea]">_Index2ColorBulk_1616I</a>
 <LI><a href="#[eb]">_Color2Index_822216</a>
 <LI><a href="#[ec]">_Index2Color_822216</a>
 <LI><a href="#[ed]">_GetIndexMask_822216</a>
 <LI><a href="#[ee]">_Color2Index_84444</a>
 <LI><a href="#[f0]">_GetIndexMask_84444</a>
 <LI><a href="#[ef]">_Index2Color_84444</a>
 <LI><a href="#[f3]">_GetIndexMask_8666</a>
 <LI><a href="#[f6]">_GetIndexMask_8666_1</a>
 <LI><a href="#[f4]">_Color2Index_8666_1</a>
 <LI><a href="#[f5]">_Index2Color_8666_1</a>
 <LI><a href="#[f7]">_Color2Index_88666I</a>
 <LI><a href="#[f8]">_Index2Color_88666I</a>
 <LI><a href="#[f9]">_GetIndexMask_88666I</a>
 <LI><a href="#[fa]">_Color2IndexBulk_88666I</a>
 <LI><a href="#[fb]">_Index2ColorBulk_88666I</a>
 <LI><a href="#[fc]">_Color2Index_M1555I</a>
 <LI><a href="#[fd]">_Index2Color_M1555I</a>
 <LI><a href="#[fe]">_GetIndexMask_M1555I</a>
 <LI><a href="#[ff]">_Color2IndexBulk_M1555I</a>
 <LI><a href="#[100]">_Index2ColorBulk_M1555I</a>
 <LI><a href="#[101]">_Color2Index_M4444I</a>
 <LI><a href="#[102]">_Index2Color_M4444I</a>
 <LI><a href="#[103]">_GetIndexMask_M4444I</a>
 <LI><a href="#[104]">_Color2IndexBulk_M4444I</a>
 <LI><a href="#[105]">_Index2ColorBulk_M4444I</a>
 <LI><a href="#[106]">_Color2Index_M8888I</a>
 <LI><a href="#[107]">_GetIndexMask_M8888I</a>
 <LI><a href="#[108]">_Color2IndexBulk_M8888I</a>
 <LI><a href="#[109]">_Index2ColorBulk_M8888I</a>
 <LI><a href="#[10a]">_Color2Index_565</a>
 <LI><a href="#[10b]">_GetIndexMask_565</a>
 <LI><a href="#[10c]">_Color2IndexBulk</a>
 <LI><a href="#[10d]">_Index2ColorBulk</a>
 <LI><a href="#[10e]">_Color2Index_888</a>
 <LI><a href="#[110]">_GetIndexMask_888</a>
 <LI><a href="#[111]">_Color2IndexBulk</a>
 <LI><a href="#[112]">_Index2ColorBulk</a>
 <LI><a href="#[113]">_Color2Index_8888</a>
 <LI><a href="#[115]">_GetIndexMask_8888</a>
 <LI><a href="#[116]">_Color2IndexBulk</a>
 <LI><a href="#[117]">_Index2ColorBulk</a>
 <LI><a href="#[118]">_Color2Index_M565</a>
 <LI><a href="#[119]">_GetIndexMask_M565</a>
 <LI><a href="#[11a]">_Color2IndexBulk</a>
 <LI><a href="#[11b]">_Index2ColorBulk</a>
 <LI><a href="#[11c]">_Color2Index_M888</a>
 <LI><a href="#[11d]">_GetIndexMask_M888</a>
 <LI><a href="#[11e]">_Color2IndexBulk</a>
 <LI><a href="#[11f]">_Index2ColorBulk</a>
 <LI><a href="#[120]">_Color2Index_M8888</a>
 <LI><a href="#[122]">_GetIndexMask_M8888</a>
 <LI><a href="#[123]">_Color2IndexBulk</a>
 <LI><a href="#[124]">_Index2ColorBulk</a>
 <LI><a href="#[121]">_Index2Color_M8888</a>
 <LI><a href="#[1ff]">_AddFreeMemory</a>
 <LI><a href="#[201]">_RemoveHoles</a>
 <LI><a href="#[200]">_EnlargeBlocks</a>
 <LI><a href="#[1fd]">_Alloc</a>
 <LI><a href="#[255]">_InitContext</a>
 <LI><a href="#[9a]">_OnExit</a>
 <LI><a href="#[12a]">_DrawBitmapA565</a>
 <LI><a href="#[129]">_DrawBitmapAM565</a>
 <LI><a href="#[128]">_DrawBitmapA555</a>
 <LI><a href="#[127]">_DrawBitmapAM555</a>
 <LI><a href="#[99]">_OnExit</a>
 <LI><a href="#[12c]">_SetBkColor</a>
 <LI><a href="#[12b]">_SetColor</a>
 <LI><a href="#[12d]">_SetDrawMode</a>
 <LI><a href="#[139]">_GetRect</a>
 <LI><a href="#[133]">_SetPixelIndex</a>
 <LI><a href="#[132]">_GetPixelIndex</a>
 <LI><a href="#[134]">_XorPixel</a>
 <LI><a href="#[137]">_GetDevProp</a>
 <LI><a href="#[138]">_GetDevData</a>
 <LI><a href="#[b8]">_ReadRect</a>
 <LI><a href="#[136]">_GetDevFunc</a>
 <LI><a href="#[b3]">_SetVRAMAddr</a>
 <LI><a href="#[b4]">_SetVis</a>
 <LI><a href="#[b5]">_GetPos</a>
 <LI><a href="#[b6]">_SetPos</a>
 <LI><a href="#[b7]">_SetAlpha</a>
 <LI><a href="#[b9]">_SetVRAM_BufferPTR</a>
 <LI><a href="#[ba]">_ShowBuffer</a>
 <LI><a href="#[bb]">_CopyBuffer</a>
 <LI><a href="#[bc]">_SetDevFunc</a>
 <LI><a href="#[bd]">_SetChroma</a>
 <LI><a href="#[be]">_SetChromaMode</a>
 <LI><a href="#[bf]">_SetAlphaMode</a>
 <LI><a href="#[c0]">_Off</a>
 <LI><a href="#[c1]">_On</a>
 <LI><a href="#[c2]">_Init</a>
 <LI><a href="#[c3]">_SetSize</a>
 <LI><a href="#[c4]">_SetVSize</a>
 <LI><a href="#[135]">_SetOrg</a>
 <LI><a href="#[131]">_FillRect</a>
 <LI><a href="#[12f]">_DrawHLine</a>
 <LI><a href="#[130]">_DrawVLine</a>
 <LI><a href="#[12e]">_DrawBitmap</a>
 <LI><a href="#[aa]">_OnExit</a>
 <LI><a href="#[339]">_Findy1</a>
 <LI><a href="#[338]">_Findx0</a>
 <LI><a href="#[32e]">_Findx1</a>
 <LI><a href="#[331]">_Paint1Trans</a>
 <LI><a href="#[330]">_PaintTransChildren</a>
 <LI><a href="#[32d]">_Findx0.constprop.10</a>
 <LI><a href="#[32f]">_Findy1.constprop.11</a>
 <LI><a href="#[301]">WM__PaintWinAndOverlays</a>
 <LI><a href="#[a9]">_cbPaintMemDev</a>
 <LI><a href="#[315]">_Invalidate1Abs</a>
 <LI><a href="#[2f9]">WM_InvalidateRect.part.2</a>
 <LI><a href="#[ab]">_cbBackWin</a>
 <LI><a href="#[2fc]">WM_DeleteWindow.part.3</a>
 <LI><a href="#[2ff]">_Exec1Input</a>
 <LI><a href="#[31e]">WM_ResizeWindow.part.11</a>
 <LI><a href="#[307]">_GetDialogItem.part.4</a>
 <LI><a href="#[305]">_GetDialogItem</a>
 <LI><a href="#[8d]">FRAMEWIN__cbClient</a>
 <LI><a href="#[1d6]">_ManageScrollbars</a>
 <LI><a href="#[90]">_OnDelete</a>
 <LI><a href="#[8f]">_OnPaint</a>
 <LI><a href="#[91]">_InvalidateNewItem</a>
 <LI><a href="#[92]">_OnPaint</a>
 <LI><a href="#[2c2]">_HandlePID</a>
 <LI><a href="#[13a]">_Color2Index_16</a>
 <LI><a href="#[13b]">_Index2Color_16</a>
 <LI><a href="#[13c]">_GetIndexMask_16</a>
 <LI><a href="#[17]">_Log2VisBuffered</a>
 <LI><a href="#[2b2]">_DispLine</a>
 <LI><a href="#[94]">_OnExit</a>
 <LI><a href="#[235]">GUI_DispString.part.0</a>
 <LI><a href="#[96]">_OnExit</a>
 <LI><a href="#[93]">_OnExit</a>
 <LI><a href="#[13d]">_GetCharCode</a>
 <LI><a href="#[13e]">_GetCharSize</a>
 <LI><a href="#[13f]">_CalcSizeOfChar</a>
 <LI><a href="#[140]">_Encode</a>
 <LI><a href="#[9e]">_OnExit</a>
 <LI><a href="#[28f]">LCD_ReadRectEx</a>
 <LI><a href="#[263]">GUI_MEMDEV_CopyToLCDAt.part.0</a>
 <LI><a href="#[153]">_GetDevData</a>
 <LI><a href="#[151]">_GetDevFunc</a>
 <LI><a href="#[150]">_SetOrg</a>
 <LI><a href="#[154]">_GetRect</a>
 <LI><a href="#[149]">_DrawBitmap</a>
 <LI><a href="#[152]">_GetDevProp</a>
 <LI><a href="#[14d]">_GetPixelIndex</a>
 <LI><a href="#[14e]">_SetPixelIndex</a>
 <LI><a href="#[14f]">_XorPixel</a>
 <LI><a href="#[14c]">_FillRect</a>
 <LI><a href="#[14a]">_DrawHLine</a>
 <LI><a href="#[14b]">_DrawVLine</a>
 <LI><a href="#[a7]">_cbInvalidateOne</a>
 <LI><a href="#[31b]">_MoveDescendents</a>
 <LI><a href="#[a8]">_cbTimer</a>
 <LI><a href="#[1c]">_GetBorderSize</a>
 <LI><a href="#[1b]">_Create</a>
 <LI><a href="#[1a]">_Paint</a>
 <LI><a href="#[157]">_GetYSize</a>
 <LI><a href="#[156]">_GetXSize</a>
 <LI><a href="#[155]">_DrawBitmap</a>
 <LI><a href="#[1e]">_Create</a>
 <LI><a href="#[1d]">_Paint</a>
 <LI><a href="#[21]">_Create</a>
 <LI><a href="#[20]">_Paint</a>
 <LI><a href="#[15a]">_GetIndexMask_0</a>
 <LI><a href="#[159]">_Index2Color_0</a>
 <LI><a href="#[158]">_Color2Index_0</a>
 <LI><a href="#[165]">_GetDevData</a>
 <LI><a href="#[162]">_SetOrg</a>
 <LI><a href="#[163]">_GetDevFunc</a>
 <LI><a href="#[164]">_GetDevProp</a>
 <LI><a href="#[166]">_GetRect</a>
 <LI><a href="#[161]">_XorPixel</a>
 <LI><a href="#[15e]">_FillRect</a>
 <LI><a href="#[298]">_DoColorConversion.isra.3</a>
 <LI><a href="#[293]">_CreateBuffer.isra.4</a>
 <LI><a href="#[295]">_SetBkIndexBuffered</a>
 <LI><a href="#[296]">_ReleaseBuffer.isra.7</a>
 <LI><a href="#[15f]">_GetPixelIndex</a>
 <LI><a href="#[160]">_SetPixelIndex</a>
 <LI><a href="#[291]">_Undraw</a>
 <LI><a href="#[297]">_SpriteDraw</a>
 <LI><a href="#[15d]">_DrawVLine</a>
 <LI><a href="#[15c]">_DrawHLine</a>
 <LI><a href="#[15b]">_DrawBitmap</a>
 <LI><a href="#[98]">_OnExit</a>
 <LI><a href="#[2a1]">_Link</a>
 <LI><a href="#[171]">_GetDevData</a>
 <LI><a href="#[16f]">_GetDevFunc</a>
 <LI><a href="#[170]">_GetDevProp</a>
 <LI><a href="#[16e]">_SetOrg</a>
 <LI><a href="#[172]">_GetRect</a>
 <LI><a href="#[167]">_DrawBitmap</a>
 <LI><a href="#[16b]">_GetPixelIndex</a>
 <LI><a href="#[16c]">_SetPixelIndex</a>
 <LI><a href="#[16d]">_XorPixel</a>
 <LI><a href="#[16a]">_FillRect</a>
 <LI><a href="#[168]">_DrawHLine</a>
 <LI><a href="#[169]">_DrawVLine</a>
 <LI><a href="#[173]">GUI_USAGE_BM_AddPixel</a>
 <LI><a href="#[177]">GUI_USAGE_BM_GetNextDirty</a>
 <LI><a href="#[176]">_GUI_USAGE_BM_Delete</a>
 <LI><a href="#[175]">GUI_USAGE_BM_Clear</a>
 <LI><a href="#[174]">GUI_USAGE_BM_AddHLine</a>
 <LI><a href="#[322]">_Screen2hWin</a>
 <LI><a href="#[23]">_Create</a>
 <LI><a href="#[ae]">_CalcPositions</a>
 <LI><a href="#[22]">_Paint</a>
 <LI><a href="#[a0]">_DrawGraspH</a>
 <LI><a href="#[a2]">_DrawGraspV</a>
 <LI><a href="#[334]">_DrawFrame</a>
 <LI><a href="#[a1]">_DrawBackgroundH</a>
 <LI><a href="#[a3]">_DrawBackgroundV</a>
 <LI><a href="#[17b]">_DrawDownRect</a>
 <LI><a href="#[178]">_DrawUp</a>
 <LI><a href="#[179]">_DrawUpRect</a>
 <LI><a href="#[17a]">_DrawDown</a>
 <LI><a href="#[284]">_WriteToActiveAlpha</a>
</UL>
</UL>
<P>
<H3>
Mutually Recursive functions
</H3> <LI><a href="#[41]">ADC_IRQHandler</a>&nbsp;&nbsp;&nbsp;&rArr;&nbsp;&nbsp;&nbsp;<a href="#[41]">ADC_IRQHandler</a><BR>
 <LI><a href="#[19c]">WM__SendMessage</a>&nbsp;&nbsp;&nbsp;&rArr;&nbsp;&nbsp;&nbsp;<a href="#[196]">WM_DefaultProc</a><BR>
 <LI><a href="#[2fe]">WM__InvalidateRect</a>&nbsp;&nbsp;&nbsp;&rArr;&nbsp;&nbsp;&nbsp;<a href="#[2fe]">WM__InvalidateRect</a><BR>
 <LI><a href="#[318]">WM_InvalidateWindowAndDescsEx</a>&nbsp;&nbsp;&nbsp;&rArr;&nbsp;&nbsp;&nbsp;<a href="#[318]">WM_InvalidateWindowAndDescsEx</a><BR>
 <LI><a href="#[316]">WM__InvalidateDrawAndDescs</a>&nbsp;&nbsp;&nbsp;&rArr;&nbsp;&nbsp;&nbsp;<a href="#[316]">WM__InvalidateDrawAndDescs</a><BR>
 <LI><a href="#[31b]">_MoveDescendents</a>&nbsp;&nbsp;&nbsp;&rArr;&nbsp;&nbsp;&nbsp;<a href="#[31b]">_MoveDescendents</a><BR>
 <LI><a href="#[302]">WM__ForEachDesc</a>&nbsp;&nbsp;&nbsp;&rArr;&nbsp;&nbsp;&nbsp;<a href="#[302]">WM__ForEachDesc</a><BR>
 <LI><a href="#[31e]">WM_ResizeWindow.part.11</a>&nbsp;&nbsp;&nbsp;&rArr;&nbsp;&nbsp;&nbsp;<a href="#[2eb]">WM__UpdateChildPositions</a><BR>
 <LI><a href="#[200]">_EnlargeBlocks</a>&nbsp;&nbsp;&nbsp;&rArr;&nbsp;&nbsp;&nbsp;<a href="#[1fd]">_Alloc</a><BR>
 <LI><a href="#[339]">_Findy1</a>&nbsp;&nbsp;&nbsp;&rArr;&nbsp;&nbsp;&nbsp;<a href="#[339]">_Findy1</a><BR>
 <LI><a href="#[338]">_Findx0</a>&nbsp;&nbsp;&nbsp;&rArr;&nbsp;&nbsp;&nbsp;<a href="#[338]">_Findx0</a><BR>
 <LI><a href="#[32e]">_Findx1</a>&nbsp;&nbsp;&nbsp;&rArr;&nbsp;&nbsp;&nbsp;<a href="#[32e]">_Findx1</a><BR>
 <LI><a href="#[307]">_GetDialogItem.part.4</a>&nbsp;&nbsp;&nbsp;&rArr;&nbsp;&nbsp;&nbsp;<a href="#[307]">_GetDialogItem.part.4</a><BR>
 <LI><a href="#[322]">_Screen2hWin</a>&nbsp;&nbsp;&nbsp;&rArr;&nbsp;&nbsp;&nbsp;<a href="#[322]">_Screen2hWin</a><BR>
 <LI><a href="#[29]">BusFault_Handler</a>&nbsp;&nbsp;&nbsp;&rArr;&nbsp;&nbsp;&nbsp;<a href="#[29]">BusFault_Handler</a><BR>
 <LI><a href="#[27]">HardFault_Handler</a>&nbsp;&nbsp;&nbsp;&rArr;&nbsp;&nbsp;&nbsp;<a href="#[27]">HardFault_Handler</a><BR>
 <LI><a href="#[28]">MemManage_Handler</a>&nbsp;&nbsp;&nbsp;&rArr;&nbsp;&nbsp;&nbsp;<a href="#[28]">MemManage_Handler</a><BR>
 <LI><a href="#[2fc]">WM_DeleteWindow.part.3</a>&nbsp;&nbsp;&nbsp;&rArr;&nbsp;&nbsp;&nbsp;<a href="#[2fc]">WM_DeleteWindow.part.3</a><BR>
 <LI><a href="#[330]">_PaintTransChildren</a>&nbsp;&nbsp;&nbsp;&rArr;&nbsp;&nbsp;&nbsp;<a href="#[330]">_PaintTransChildren</a><BR>
 <LI><a href="#[317]">WM_InvalidateWindowAndDescs</a>&nbsp;&nbsp;&nbsp;&rArr;&nbsp;&nbsp;&nbsp;<a href="#[317]">WM_InvalidateWindowAndDescs</a><BR>
 <LI><a href="#[2a]">UsageFault_Handler</a>&nbsp;&nbsp;&nbsp;&rArr;&nbsp;&nbsp;&nbsp;<a href="#[2a]">UsageFault_Handler</a><BR>
</UL>
<P>
<H3>
Function Pointers
</H3><UL>
 <LI><a href="#[41]">ADC_IRQHandler</a> from startup_stm32f429xx.o(.text) referenced from startup_stm32f429xx.o(RESET)
 <LI><a href="#[29]">BusFault_Handler</a> from stm32f4xx_it.o(i.BusFault_Handler) referenced from startup_stm32f429xx.o(RESET)
 <LI><a href="#[43]">CAN1_RX0_IRQHandler</a> from startup_stm32f429xx.o(.text) referenced from startup_stm32f429xx.o(RESET)
 <LI><a href="#[44]">CAN1_RX1_IRQHandler</a> from startup_stm32f429xx.o(.text) referenced from startup_stm32f429xx.o(RESET)
 <LI><a href="#[45]">CAN1_SCE_IRQHandler</a> from startup_stm32f429xx.o(.text) referenced from startup_stm32f429xx.o(RESET)
 <LI><a href="#[42]">CAN1_TX_IRQHandler</a> from startup_stm32f429xx.o(.text) referenced from startup_stm32f429xx.o(RESET)
 <LI><a href="#[6f]">CAN2_RX0_IRQHandler</a> from startup_stm32f429xx.o(.text) referenced from startup_stm32f429xx.o(RESET)
 <LI><a href="#[70]">CAN2_RX1_IRQHandler</a> from startup_stm32f429xx.o(.text) referenced from startup_stm32f429xx.o(RESET)
 <LI><a href="#[71]">CAN2_SCE_IRQHandler</a> from startup_stm32f429xx.o(.text) referenced from startup_stm32f429xx.o(RESET)
 <LI><a href="#[6e]">CAN2_TX_IRQHandler</a> from startup_stm32f429xx.o(.text) referenced from startup_stm32f429xx.o(RESET)
 <LI><a href="#[7d]">DCMI_IRQHandler</a> from startup_stm32f429xx.o(.text) referenced from startup_stm32f429xx.o(RESET)
 <LI><a href="#[3a]">DMA1_Stream0_IRQHandler</a> from startup_stm32f429xx.o(.text) referenced from startup_stm32f429xx.o(RESET)
 <LI><a href="#[3b]">DMA1_Stream1_IRQHandler</a> from startup_stm32f429xx.o(.text) referenced from startup_stm32f429xx.o(RESET)
 <LI><a href="#[3c]">DMA1_Stream2_IRQHandler</a> from startup_stm32f429xx.o(.text) referenced from startup_stm32f429xx.o(RESET)
 <LI><a href="#[3d]">DMA1_Stream3_IRQHandler</a> from startup_stm32f429xx.o(.text) referenced from startup_stm32f429xx.o(RESET)
 <LI><a href="#[3e]">DMA1_Stream4_IRQHandler</a> from startup_stm32f429xx.o(.text) referenced from startup_stm32f429xx.o(RESET)
 <LI><a href="#[3f]">DMA1_Stream5_IRQHandler</a> from startup_stm32f429xx.o(.text) referenced from startup_stm32f429xx.o(RESET)
 <LI><a href="#[40]">DMA1_Stream6_IRQHandler</a> from startup_stm32f429xx.o(.text) referenced from startup_stm32f429xx.o(RESET)
 <LI><a href="#[5e]">DMA1_Stream7_IRQHandler</a> from startup_stm32f429xx.o(.text) referenced from startup_stm32f429xx.o(RESET)
 <LI><a href="#[88]">DMA2D_IRQHandler</a> from stm32f4xx_it.o(i.DMA2D_IRQHandler) referenced from startup_stm32f429xx.o(RESET)
 <LI><a href="#[67]">DMA2_Stream0_IRQHandler</a> from startup_stm32f429xx.o(.text) referenced from startup_stm32f429xx.o(RESET)
 <LI><a href="#[68]">DMA2_Stream1_IRQHandler</a> from startup_stm32f429xx.o(.text) referenced from startup_stm32f429xx.o(RESET)
 <LI><a href="#[69]">DMA2_Stream2_IRQHandler</a> from startup_stm32f429xx.o(.text) referenced from startup_stm32f429xx.o(RESET)
 <LI><a href="#[6a]">DMA2_Stream3_IRQHandler</a> from startup_stm32f429xx.o(.text) referenced from startup_stm32f429xx.o(RESET)
 <LI><a href="#[6b]">DMA2_Stream4_IRQHandler</a> from startup_stm32f429xx.o(.text) referenced from startup_stm32f429xx.o(RESET)
 <LI><a href="#[73]">DMA2_Stream5_IRQHandler</a> from startup_stm32f429xx.o(.text) referenced from startup_stm32f429xx.o(RESET)
 <LI><a href="#[74]">DMA2_Stream6_IRQHandler</a> from startup_stm32f429xx.o(.text) referenced from startup_stm32f429xx.o(RESET)
 <LI><a href="#[75]">DMA2_Stream7_IRQHandler</a> from startup_stm32f429xx.o(.text) referenced from startup_stm32f429xx.o(RESET)
 <LI><a href="#[2c]">DebugMon_Handler</a> from stm32f4xx_it.o(i.DebugMon_Handler) referenced from startup_stm32f429xx.o(RESET)
 <LI><a href="#[6c]">ETH_IRQHandler</a> from startup_stm32f429xx.o(.text) referenced from startup_stm32f429xx.o(RESET)
 <LI><a href="#[6d]">ETH_WKUP_IRQHandler</a> from startup_stm32f429xx.o(.text) referenced from startup_stm32f429xx.o(RESET)
 <LI><a href="#[35]">EXTI0_IRQHandler</a> from startup_stm32f429xx.o(.text) referenced from startup_stm32f429xx.o(RESET)
 <LI><a href="#[57]">EXTI15_10_IRQHandler</a> from startup_stm32f429xx.o(.text) referenced from startup_stm32f429xx.o(RESET)
 <LI><a href="#[36]">EXTI1_IRQHandler</a> from startup_stm32f429xx.o(.text) referenced from startup_stm32f429xx.o(RESET)
 <LI><a href="#[37]">EXTI2_IRQHandler</a> from startup_stm32f429xx.o(.text) referenced from startup_stm32f429xx.o(RESET)
 <LI><a href="#[38]">EXTI3_IRQHandler</a> from startup_stm32f429xx.o(.text) referenced from startup_stm32f429xx.o(RESET)
 <LI><a href="#[39]">EXTI4_IRQHandler</a> from startup_stm32f429xx.o(.text) referenced from startup_stm32f429xx.o(RESET)
 <LI><a href="#[46]">EXTI9_5_IRQHandler</a> from startup_stm32f429xx.o(.text) referenced from startup_stm32f429xx.o(RESET)
 <LI><a href="#[33]">FLASH_IRQHandler</a> from startup_stm32f429xx.o(.text) referenced from startup_stm32f429xx.o(RESET)
 <LI><a href="#[5f]">FMC_IRQHandler</a> from startup_stm32f429xx.o(.text) referenced from startup_stm32f429xx.o(RESET)
 <LI><a href="#[7f]">FPU_IRQHandler</a> from startup_stm32f429xx.o(.text) referenced from startup_stm32f429xx.o(RESET)
 <LI><a href="#[8c]">FRAMEWIN_Callback</a> from FRAMEWIN.o(.text.FRAMEWIN_Callback) referenced from FRAMEWIN.o(.text.FRAMEWIN_CreateIndirect)
 <LI><a href="#[e1]">FRAMEWIN_CreateIndirect</a> from FRAMEWIN.o(.text.FRAMEWIN_CreateIndirect) referenced from velocimetrodlg.o(.constdata)
 <LI><a href="#[14]">FRAMEWIN_DrawSkinFlex</a> from FRAMEWIN_SkinFlex.o(.text.FRAMEWIN_DrawSkinFlex) referenced 4 times from FRAMEWIN.o(.data)
 <LI><a href="#[13]">FRAMEWIN__GetBorderSize</a> from FRAMEWIN.o(.text.FRAMEWIN__GetBorderSize) referenced 2 times from FRAMEWIN.o(.data)
 <LI><a href="#[8d]">FRAMEWIN__cbClient</a> from FRAMEWIN.o(.text.FRAMEWIN__cbClient) referenced from FRAMEWIN.o(.text.FRAMEWIN_CreateIndirect)
 <LI><a href="#[8e]">GRAPH_Callback</a> from GRAPH.o(.text.GRAPH_Callback) referenced from GRAPH.o(.text.GRAPH_CreateIndirect)
 <LI><a href="#[e4]">GRAPH_CreateIndirect</a> from GRAPH.o(.text.GRAPH_CreateIndirect) referenced from velocimetrodlg.o(.constdata)
 <LI><a href="#[145]">GUIMONO_DispChar</a> from GUI_CharM.o(.text.GUIMONO_DispChar) referenced 2 times from F6x8.o(.rodata)
 <LI><a href="#[146]">GUIMONO_GetCharDistX</a> from GUI_CharM.o(.text.GUIMONO_GetCharDistX) referenced 2 times from F6x8.o(.rodata)
 <LI><a href="#[147]">GUIMONO_GetFontInfo</a> from GUI_CharM.o(.text.GUIMONO_GetFontInfo) referenced 2 times from F6x8.o(.rodata)
 <LI><a href="#[148]">GUIMONO_IsInFont</a> from GUI_CharM.o(.text.GUIMONO_IsInFont) referenced 2 times from F6x8.o(.rodata)
 <LI><a href="#[141]">GUIPROP_DispChar</a> from GUI_CharP.o(.text.GUIPROP_DispChar) referenced 2 times from F13_1.o(.rodata)
 <LI><a href="#[142]">GUIPROP_GetCharDistX</a> from GUI_CharP.o(.text.GUIPROP_GetCharDistX) referenced 2 times from F13_1.o(.rodata)
 <LI><a href="#[143]">GUIPROP_GetFontInfo</a> from GUI_CharP.o(.text.GUIPROP_GetFontInfo) referenced 2 times from F13_1.o(.rodata)
 <LI><a href="#[144]">GUIPROP_IsInFont</a> from GUI_CharP.o(.text.GUIPROP_IsInFont) referenced 2 times from F13_1.o(.rodata)
 <LI><a href="#[a5]">GUI_DrawGradientH</a> from GUI_DrawGradient.o(.text.GUI_DrawGradientH) referenced from SCROLLBAR_SkinFlex.o(.text.SCROLLBAR_DrawSkinFlex)
 <LI><a href="#[a4]">GUI_DrawGradientV</a> from GUI_DrawGradient.o(.text.GUI_DrawGradientV) referenced from SCROLLBAR_SkinFlex.o(.text.SCROLLBAR_DrawSkinFlex)
 <LI><a href="#[ad]">GUI_MEMDEV_Paint1Static</a> from GUIDEV_StaticDevices.o(.text.GUI_MEMDEV_Paint1Static) referenced from WM.o(.text.WM__PaintWinAndOverlays)
 <LI><a href="#[ad]">GUI_MEMDEV_Paint1Static</a> from GUIDEV_StaticDevices.o(.text.GUI_MEMDEV_Paint1Static) referenced from WM.o(.text._Paint1Trans)
 <LI><a href="#[c6]">GUI_MEMDEV__WriteToActiveAlpha</a> from GUIDEV_WriteToActiveAlpha.o(.text.GUI_MEMDEV__WriteToActiveAlpha) referenced from GUIDEV_32.o(.text._GetDevFunc)
 <LI><a href="#[c5]">GUI_MEMDEV__WriteToActiveOpaque</a> from GUIDEV_WriteToActiveOpaque.o(.text.GUI_MEMDEV__WriteToActiveOpaque) referenced from GUIDEV_16.o(.text._GetDevFunc)
 <LI><a href="#[97]">GUI_TIMER_Exec</a> from GUI_Timer.o(.text.GUI_TIMER_Exec) referenced from GUI_Timer.o(.text.GUI_TIMER_Create)
 <LI><a href="#[174]">GUI_USAGE_BM_AddHLine</a> from GUIDEV_UsageBM.o(.text.GUI_USAGE_BM_AddHLine) referenced from GUIDEV_UsageBM.o(.rodata)
 <LI><a href="#[173]">GUI_USAGE_BM_AddPixel</a> from GUIDEV_UsageBM.o(.text.GUI_USAGE_BM_AddPixel) referenced from GUIDEV_UsageBM.o(.rodata)
 <LI><a href="#[175]">GUI_USAGE_BM_Clear</a> from GUIDEV_UsageBM.o(.text.GUI_USAGE_BM_Clear) referenced from GUIDEV_UsageBM.o(.rodata)
 <LI><a href="#[177]">GUI_USAGE_BM_GetNextDirty</a> from GUIDEV_UsageBM.o(.text.GUI_USAGE_BM_GetNextDirty) referenced from GUIDEV_UsageBM.o(.rodata)
 <LI><a href="#[11]">GUI__MixColors</a> from GUI__Alpha.o(.text.GUI__MixColors) referenced 2 times from GUI__Alpha.o(.data)
 <LI><a href="#[12]">GUI__MixColorsBulk</a> from GUI__Alpha.o(.text.GUI__MixColorsBulk) referenced 2 times from GUI__Alpha.o(.data)
 <LI><a href="#[7e]">HASH_RNG_IRQHandler</a> from startup_stm32f429xx.o(.text) referenced from startup_stm32f429xx.o(RESET)
 <LI><a href="#[9d]">HEADER_Callback</a> from HEADER.o(.text.HEADER_Callback) referenced from HEADER.o(.text.HEADER_CreateIndirect)
 <LI><a href="#[e2]">HEADER_CreateIndirect</a> from HEADER.o(.text.HEADER_CreateIndirect) referenced from velocimetrodlg.o(.constdata)
 <LI><a href="#[15]">HEADER_DrawSkinFlex</a> from HEADER_SkinFlex.o(.text.HEADER_DrawSkinFlex) referenced 2 times from HEADER.o(.data)
 <LI><a href="#[27]">HardFault_Handler</a> from stm32f4xx_it.o(i.HardFault_Handler) referenced from startup_stm32f429xx.o(RESET)
 <LI><a href="#[4f]">I2C1_ER_IRQHandler</a> from startup_stm32f429xx.o(.text) referenced from startup_stm32f429xx.o(RESET)
 <LI><a href="#[4e]">I2C1_EV_IRQHandler</a> from startup_stm32f429xx.o(.text) referenced from startup_stm32f429xx.o(RESET)
 <LI><a href="#[51]">I2C2_ER_IRQHandler</a> from startup_stm32f429xx.o(.text) referenced from startup_stm32f429xx.o(RESET)
 <LI><a href="#[50]">I2C2_EV_IRQHandler</a> from startup_stm32f429xx.o(.text) referenced from startup_stm32f429xx.o(RESET)
 <LI><a href="#[78]">I2C3_ER_IRQHandler</a> from startup_stm32f429xx.o(.text) referenced from startup_stm32f429xx.o(RESET)
 <LI><a href="#[77]">I2C3_EV_IRQHandler</a> from startup_stm32f429xx.o(.text) referenced from startup_stm32f429xx.o(RESET)
 <LI><a href="#[24]">LCD_AA_MixColors16</a> from LCD_AA.o(.text.LCD_AA_MixColors16) referenced 2 times from LCD_AA.o(.data)
 <LI><a href="#[f1]">LCD_Color2Index_8666</a> from GUICC_8666.o(.text.LCD_Color2Index_8666) referenced from GUICC_8666.o(.rodata)
 <LI><a href="#[125]">LCD_DrawHLine</a> from LCD.o(.text.LCD_DrawHLine) referenced from GUI_Core.o(.rodata)
 <LI><a href="#[126]">LCD_DrawPixel</a> from LCD.o(.text.LCD_DrawPixel) referenced from GUI_Core.o(.rodata)
 <LI><a href="#[10]">LCD_GetpPalConvTableBM</a> from LCD_Color.o(.text.LCD_GetpPalConvTableBM) referenced 2 times from GUI_Core.o(.data)
 <LI><a href="#[af]">LCD_Index2Color_555</a> from GUICC_555_Index2Color.o(.text.LCD_Index2Color_555) referenced from GUI_DrawBitmap_A16.o(.rodata)
 <LI><a href="#[af]">LCD_Index2Color_555</a> from GUICC_555_Index2Color.o(.text.LCD_Index2Color_555) referenced from GUI_DrawBitmap_A16.o(.text._DrawBitmapA555)
 <LI><a href="#[b0]">LCD_Index2Color_565</a> from GUICC_565.o(.text.LCD_Index2Color_565) referenced 2 times from GUICC_565.o(.rodata)
 <LI><a href="#[b0]">LCD_Index2Color_565</a> from GUICC_565.o(.text.LCD_Index2Color_565) referenced from GUI_DrawBitmap_A16.o(.text._DrawBitmapA565)
 <LI><a href="#[f2]">LCD_Index2Color_8666</a> from GUICC_8666.o(.text.LCD_Index2Color_8666) referenced from GUICC_8666.o(.rodata)
 <LI><a href="#[10f]">LCD_Index2Color_888</a> from GUICC_888_Index2Color.o(.text.LCD_Index2Color_888) referenced from GUICC_888.o(.rodata)
 <LI><a href="#[114]">LCD_Index2Color_8888</a> from GUICC_8888_Index2Color.o(.text.LCD_Index2Color_8888) referenced from GUICC_8888.o(.rodata)
 <LI><a href="#[b1]">LCD_Index2Color_M555</a> from GUICC_M555_Index2Color.o(.text.LCD_Index2Color_M555) referenced from GUI_DrawBitmap_A16.o(.rodata)
 <LI><a href="#[b1]">LCD_Index2Color_M555</a> from GUICC_M555_Index2Color.o(.text.LCD_Index2Color_M555) referenced from GUI_DrawBitmap_A16.o(.text._DrawBitmapAM555)
 <LI><a href="#[b2]">LCD_Index2Color_M565</a> from GUICC_M565.o(.text.LCD_Index2Color_M565) referenced 2 times from GUICC_M565.o(.rodata)
 <LI><a href="#[b2]">LCD_Index2Color_M565</a> from GUICC_M565.o(.text.LCD_Index2Color_M565) referenced from GUI_DrawBitmap_A16.o(.text._DrawBitmapAM565)
 <LI><a href="#[9c]">LCD_Index2Color_M888</a> from GUICC_M888_Index2Color.o(.text.LCD_Index2Color_M888) referenced from GUICC_M888.o(.rodata)
 <LI><a href="#[9c]">LCD_Index2Color_M888</a> from GUICC_M888_Index2Color.o(.text.LCD_Index2Color_M888) referenced from GUI__Alpha.o(.text.GUI__DoAlphaBlending)
 <LI><a href="#[9b]">LCD_Index2Color_M8888I</a> from GUICC_M8888I_Index2Color.o(.text.LCD_Index2Color_M8888I) referenced from GUICC_M8888I.o(.rodata)
 <LI><a href="#[9b]">LCD_Index2Color_M8888I</a> from GUICC_M8888I_Index2Color.o(.text.LCD_Index2Color_M8888I) referenced from GUI__Alpha.o(.text.GUI__DoAlphaBlending)
 <LI><a href="#[9b]">LCD_Index2Color_M8888I</a> from GUICC_M8888I_Index2Color.o(.text.LCD_Index2Color_M8888I) referenced from GUIDEV_WriteToActiveAlpha.o(.text._WriteToActiveAlpha)
 <LI><a href="#[ca]">LCD_LL_CopyBuffer</a> from stemwin_wrapper.o(i.LCD_LL_CopyBuffer) referenced from stemwin_wrapper.o(i.LCD_X_Config)
 <LI><a href="#[cb]">LCD_LL_CopyRect</a> from stemwin_wrapper.o(i.LCD_LL_CopyRect) referenced from stemwin_wrapper.o(i.LCD_X_Config)
 <LI><a href="#[cd]">LCD_LL_DrawBitmap16bpp</a> from stemwin_wrapper.o(i.LCD_LL_DrawBitmap16bpp) referenced from stemwin_wrapper.o(i.LCD_X_Config)
 <LI><a href="#[ce]">LCD_LL_DrawBitmap32bpp</a> from stemwin_wrapper.o(i.LCD_LL_DrawBitmap32bpp) referenced from stemwin_wrapper.o(i.LCD_X_Config)
 <LI><a href="#[cc]">LCD_LL_DrawBitmap8bpp</a> from stemwin_wrapper.o(i.LCD_LL_DrawBitmap8bpp) referenced from stemwin_wrapper.o(i.LCD_X_Config)
 <LI><a href="#[c9]">LCD_LL_FillRect</a> from stemwin_wrapper.o(i.LCD_LL_FillRect) referenced from stemwin_wrapper.o(i.LCD_LL_FillRect)
 <LI><a href="#[c9]">LCD_LL_FillRect</a> from stemwin_wrapper.o(i.LCD_LL_FillRect) referenced from stemwin_wrapper.o(i.LCD_X_Config)
 <LI><a href="#[87]">LTDC_ER_IRQHandler</a> from startup_stm32f429xx.o(.text) referenced from startup_stm32f429xx.o(RESET)
 <LI><a href="#[86]">LTDC_IRQHandler</a> from stm32f4xx_it.o(i.LTDC_IRQHandler) referenced from startup_stm32f429xx.o(RESET)
 <LI><a href="#[28]">MemManage_Handler</a> from stm32f4xx_it.o(i.MemManage_Handler) referenced from startup_stm32f429xx.o(RESET)
 <LI><a href="#[26]">NMI_Handler</a> from stm32f4xx_it.o(i.NMI_Handler) referenced from startup_stm32f429xx.o(RESET)
 <LI><a href="#[72]">OTG_FS_IRQHandler</a> from startup_stm32f429xx.o(.text) referenced from startup_stm32f429xx.o(RESET)
 <LI><a href="#[59]">OTG_FS_WKUP_IRQHandler</a> from startup_stm32f429xx.o(.text) referenced from startup_stm32f429xx.o(RESET)
 <LI><a href="#[7a]">OTG_HS_EP1_IN_IRQHandler</a> from startup_stm32f429xx.o(.text) referenced from startup_stm32f429xx.o(RESET)
 <LI><a href="#[79]">OTG_HS_EP1_OUT_IRQHandler</a> from startup_stm32f429xx.o(.text) referenced from startup_stm32f429xx.o(RESET)
 <LI><a href="#[7c]">OTG_HS_IRQHandler</a> from stm32f4xx_it.o(i.OTG_HS_IRQHandler) referenced from startup_stm32f429xx.o(RESET)
 <LI><a href="#[7b]">OTG_HS_WKUP_IRQHandler</a> from startup_stm32f429xx.o(.text) referenced from startup_stm32f429xx.o(RESET)
 <LI><a href="#[30]">PVD_IRQHandler</a> from startup_stm32f429xx.o(.text) referenced from startup_stm32f429xx.o(RESET)
 <LI><a href="#[2d]">PendSV_Handler</a> from port.o(.emb_text) referenced from startup_stm32f429xx.o(RESET)
 <LI><a href="#[34]">RCC_IRQHandler</a> from startup_stm32f429xx.o(.text) referenced from startup_stm32f429xx.o(RESET)
 <LI><a href="#[58]">RTC_Alarm_IRQHandler</a> from startup_stm32f429xx.o(.text) referenced from startup_stm32f429xx.o(RESET)
 <LI><a href="#[32]">RTC_WKUP_IRQHandler</a> from startup_stm32f429xx.o(.text) referenced from startup_stm32f429xx.o(RESET)
 <LI><a href="#[25]">Reset_Handler</a> from startup_stm32f429xx.o(.text) referenced from startup_stm32f429xx.o(RESET)
 <LI><a href="#[85]">SAI1_IRQHandler</a> from startup_stm32f429xx.o(.text) referenced from startup_stm32f429xx.o(RESET)
 <LI><a href="#[9f]">SCROLLBAR_Callback</a> from SCROLLBAR.o(.text.SCROLLBAR_Callback) referenced from SCROLLBAR.o(.text.SCROLLBAR_CreateAttached)
 <LI><a href="#[1f]">SCROLLBAR_DrawSkinFlex</a> from SCROLLBAR_SkinFlex.o(.text.SCROLLBAR_DrawSkinFlex) referenced 2 times from SCROLLBAR.o(.data)
 <LI><a href="#[60]">SDIO_IRQHandler</a> from startup_stm32f429xx.o(.text) referenced from startup_stm32f429xx.o(RESET)
 <LI><a href="#[a6]">SLIDER_Callback</a> from SLIDER.o(.text.SLIDER_Callback) referenced from SLIDER.o(.text.SLIDER_CreateIndirect)
 <LI><a href="#[e3]">SLIDER_CreateIndirect</a> from SLIDER.o(.text.SLIDER_CreateIndirect) referenced from velocimetrodlg.o(.constdata)
 <LI><a href="#[16]">SLIDER_DrawSkinFlex</a> from SLIDER_SkinFlex.o(.text.SLIDER_DrawSkinFlex) referenced 2 times from SLIDER.o(.data)
 <LI><a href="#[52]">SPI1_IRQHandler</a> from startup_stm32f429xx.o(.text) referenced from startup_stm32f429xx.o(RESET)
 <LI><a href="#[53]">SPI2_IRQHandler</a> from startup_stm32f429xx.o(.text) referenced from startup_stm32f429xx.o(RESET)
 <LI><a href="#[62]">SPI3_IRQHandler</a> from startup_stm32f429xx.o(.text) referenced from startup_stm32f429xx.o(RESET)
 <LI><a href="#[82]">SPI4_IRQHandler</a> from startup_stm32f429xx.o(.text) referenced from startup_stm32f429xx.o(RESET)
 <LI><a href="#[83]">SPI5_IRQHandler</a> from startup_stm32f429xx.o(.text) referenced from startup_stm32f429xx.o(RESET)
 <LI><a href="#[84]">SPI6_IRQHandler</a> from startup_stm32f429xx.o(.text) referenced from startup_stm32f429xx.o(RESET)
 <LI><a href="#[2b]">SVC_Handler</a> from port.o(.emb_text) referenced from startup_stm32f429xx.o(RESET)
 <LI><a href="#[de]">StartDefaultTask</a> from freertos.o(i.StartDefaultTask) referenced from freertos.o(.constdata)
 <LI><a href="#[df]">StartTask02</a> from freertos.o(i.StartTask02) referenced from freertos.o(.constdata)
 <LI><a href="#[e0]">StartTask03</a> from freertos.o(i.StartTask03) referenced from freertos.o(.constdata)
 <LI><a href="#[2e]">SysTick_Handler</a> from port.o(i.SysTick_Handler) referenced from startup_stm32f429xx.o(RESET)
 <LI><a href="#[8a]">SystemInit</a> from system_stm32f4xx.o(i.SystemInit) referenced from startup_stm32f429xx.o(.text)
 <LI><a href="#[31]">TAMP_STAMP_IRQHandler</a> from startup_stm32f429xx.o(.text) referenced from startup_stm32f429xx.o(RESET)
 <LI><a href="#[47]">TIM1_BRK_TIM9_IRQHandler</a> from startup_stm32f429xx.o(.text) referenced from startup_stm32f429xx.o(RESET)
 <LI><a href="#[4a]">TIM1_CC_IRQHandler</a> from startup_stm32f429xx.o(.text) referenced from startup_stm32f429xx.o(RESET)
 <LI><a href="#[49]">TIM1_TRG_COM_TIM11_IRQHandler</a> from startup_stm32f429xx.o(.text) referenced from startup_stm32f429xx.o(RESET)
 <LI><a href="#[48]">TIM1_UP_TIM10_IRQHandler</a> from startup_stm32f429xx.o(.text) referenced from startup_stm32f429xx.o(RESET)
 <LI><a href="#[4b]">TIM2_IRQHandler</a> from startup_stm32f429xx.o(.text) referenced from startup_stm32f429xx.o(RESET)
 <LI><a href="#[4c]">TIM3_IRQHandler</a> from startup_stm32f429xx.o(.text) referenced from startup_stm32f429xx.o(RESET)
 <LI><a href="#[4d]">TIM4_IRQHandler</a> from startup_stm32f429xx.o(.text) referenced from startup_stm32f429xx.o(RESET)
 <LI><a href="#[61]">TIM5_IRQHandler</a> from startup_stm32f429xx.o(.text) referenced from startup_stm32f429xx.o(RESET)
 <LI><a href="#[65]">TIM6_DAC_IRQHandler</a> from stm32f4xx_it.o(i.TIM6_DAC_IRQHandler) referenced from startup_stm32f429xx.o(RESET)
 <LI><a href="#[66]">TIM7_IRQHandler</a> from startup_stm32f429xx.o(.text) referenced from startup_stm32f429xx.o(RESET)
 <LI><a href="#[5a]">TIM8_BRK_TIM12_IRQHandler</a> from startup_stm32f429xx.o(.text) referenced from startup_stm32f429xx.o(RESET)
 <LI><a href="#[5d]">TIM8_CC_IRQHandler</a> from startup_stm32f429xx.o(.text) referenced from startup_stm32f429xx.o(RESET)
 <LI><a href="#[5c]">TIM8_TRG_COM_TIM14_IRQHandler</a> from startup_stm32f429xx.o(.text) referenced from startup_stm32f429xx.o(RESET)
 <LI><a href="#[5b]">TIM8_UP_TIM13_IRQHandler</a> from startup_stm32f429xx.o(.text) referenced from startup_stm32f429xx.o(RESET)
 <LI><a href="#[c8]">TransferComplete</a> from stemwin_wrapper.o(i.TransferComplete) referenced from stemwin_wrapper.o(i.DMA2D_Init)
 <LI><a href="#[63]">UART4_IRQHandler</a> from startup_stm32f429xx.o(.text) referenced from startup_stm32f429xx.o(RESET)
 <LI><a href="#[64]">UART5_IRQHandler</a> from startup_stm32f429xx.o(.text) referenced from startup_stm32f429xx.o(RESET)
 <LI><a href="#[80]">UART7_IRQHandler</a> from startup_stm32f429xx.o(.text) referenced from startup_stm32f429xx.o(RESET)
 <LI><a href="#[81]">UART8_IRQHandler</a> from startup_stm32f429xx.o(.text) referenced from startup_stm32f429xx.o(RESET)
 <LI><a href="#[54]">USART1_IRQHandler</a> from startup_stm32f429xx.o(.text) referenced from startup_stm32f429xx.o(RESET)
 <LI><a href="#[55]">USART2_IRQHandler</a> from startup_stm32f429xx.o(.text) referenced from startup_stm32f429xx.o(RESET)
 <LI><a href="#[56]">USART3_IRQHandler</a> from startup_stm32f429xx.o(.text) referenced from startup_stm32f429xx.o(RESET)
 <LI><a href="#[76]">USART6_IRQHandler</a> from startup_stm32f429xx.o(.text) referenced from startup_stm32f429xx.o(RESET)
 <LI><a href="#[d]">USBH_CDC_ClassRequest</a> from usbh_cdc.o(i.USBH_CDC_ClassRequest) referenced 2 times from usbh_cdc.o(.data)
 <LI><a href="#[c]">USBH_CDC_InterfaceDeInit</a> from usbh_cdc.o(i.USBH_CDC_InterfaceDeInit) referenced 2 times from usbh_cdc.o(.data)
 <LI><a href="#[b]">USBH_CDC_InterfaceInit</a> from usbh_cdc.o(i.USBH_CDC_InterfaceInit) referenced 2 times from usbh_cdc.o(.data)
 <LI><a href="#[e]">USBH_CDC_Process</a> from usbh_cdc.o(i.USBH_CDC_Process) referenced 2 times from usbh_cdc.o(.data)
 <LI><a href="#[f]">USBH_CDC_SOFProcess</a> from usbh_cdc.o(i.USBH_CDC_SOFProcess) referenced 2 times from usbh_cdc.o(.data)
 <LI><a href="#[e5]">USBH_Process_OS</a> from usbh_core.o(i.USBH_Process_OS) referenced from usbh_core.o(.constdata)
 <LI><a href="#[db]">USBH_UserProcess</a> from usb_host.o(i.USBH_UserProcess) referenced from usb_host.o(i.MX_USB_HOST_Init)
 <LI><a href="#[2a]">UsageFault_Handler</a> from stm32f4xx_it.o(i.UsageFault_Handler) referenced from startup_stm32f429xx.o(RESET)
 <LI><a href="#[95]">WM_HandlePID</a> from WM_Touch.o(.text.WM_HandlePID) referenced from GUI_PID.o(.text.GUI_PID_StoreState)
 <LI><a href="#[ac]">WM__Paint1</a> from WM.o(.text.WM__Paint1) referenced from WM.o(.text.WM__PaintWinAndOverlays)
 <LI><a href="#[ac]">WM__Paint1</a> from WM.o(.text.WM__Paint1) referenced from WM.o(.text._Paint1Trans)
 <LI><a href="#[2f]">WWDG_IRQHandler</a> from startup_stm32f429xx.o(.text) referenced from startup_stm32f429xx.o(RESET)
 <LI><a href="#[ae]">_CalcPositions</a> from SCROLLBAR_Skin.o(.text._CalcPositions) referenced from SCROLLBAR_Skin.o(.text._Create)
 <LI><a href="#[13f]">_CalcSizeOfChar</a> from GUI_UC_EncodeNone.o(.text._CalcSizeOfChar) referenced from GUI_UC_EncodeNone.o(.rodata)
 <LI><a href="#[10c]">_Color2IndexBulk</a> from GUICC_565.o(.text._Color2IndexBulk) referenced 6 times from GUICC_565.o(.rodata)
 <LI><a href="#[e9]">_Color2IndexBulk_1616I</a> from GUICC_1616I.o(.text._Color2IndexBulk_1616I) referenced from GUICC_1616I.o(.rodata)
 <LI><a href="#[fa]">_Color2IndexBulk_88666I</a> from GUICC_88666I.o(.text._Color2IndexBulk_88666I) referenced from GUICC_88666I.o(.rodata)
 <LI><a href="#[ff]">_Color2IndexBulk_M1555I</a> from GUICC_M1555I.o(.text._Color2IndexBulk_M1555I) referenced from GUICC_M1555I.o(.rodata)
 <LI><a href="#[d0]">_Color2IndexBulk_M1555I_DMA2D</a> from stemwin_wrapper.o(i._Color2IndexBulk_M1555I_DMA2D) referenced from stemwin_wrapper.o(i.LCD_X_Config)
 <LI><a href="#[104]">_Color2IndexBulk_M4444I</a> from GUICC_M4444I.o(.text._Color2IndexBulk_M4444I) referenced from GUICC_M4444I.o(.rodata)
 <LI><a href="#[d4]">_Color2IndexBulk_M4444I_DMA2D</a> from stemwin_wrapper.o(i._Color2IndexBulk_M4444I_DMA2D) referenced from stemwin_wrapper.o(i.LCD_X_Config)
 <LI><a href="#[d2]">_Color2IndexBulk_M565_DMA2D</a> from stemwin_wrapper.o(i._Color2IndexBulk_M565_DMA2D) referenced from stemwin_wrapper.o(i.LCD_X_Config)
 <LI><a href="#[108]">_Color2IndexBulk_M8888I</a> from GUICC_M8888I.o(.text._Color2IndexBulk_M8888I) referenced from GUICC_M8888I.o(.rodata)
 <LI><a href="#[d8]">_Color2IndexBulk_M8888I_DMA2D</a> from stemwin_wrapper.o(i._Color2IndexBulk_M8888I_DMA2D) referenced from stemwin_wrapper.o(i.LCD_X_Config)
 <LI><a href="#[d6]">_Color2IndexBulk_M888_DMA2D</a> from stemwin_wrapper.o(i._Color2IndexBulk_M888_DMA2D) referenced from stemwin_wrapper.o(i.LCD_X_Config)
 <LI><a href="#[158]">_Color2Index_0</a> from GUICC_0.o(.text._Color2Index_0) referenced from GUICC_0.o(.rodata)
 <LI><a href="#[13a]">_Color2Index_16</a> from GUICC_16.o(.text._Color2Index_16) referenced from GUICC_16.o(.rodata)
 <LI><a href="#[e6]">_Color2Index_1616I</a> from GUICC_1616I.o(.text._Color2Index_1616I) referenced from GUICC_1616I.o(.rodata)
 <LI><a href="#[10a]">_Color2Index_565</a> from GUICC_565.o(.text._Color2Index_565) referenced from GUICC_565.o(.rodata)
 <LI><a href="#[eb]">_Color2Index_822216</a> from GUICC_822216.o(.text._Color2Index_822216) referenced from GUICC_822216.o(.rodata)
 <LI><a href="#[ee]">_Color2Index_84444</a> from GUICC_84444.o(.text._Color2Index_84444) referenced from GUICC_84444.o(.rodata)
 <LI><a href="#[f4]">_Color2Index_8666_1</a> from GUICC_8666_1.o(.text._Color2Index_8666_1) referenced from GUICC_8666_1.o(.rodata)
 <LI><a href="#[f7]">_Color2Index_88666I</a> from GUICC_88666I.o(.text._Color2Index_88666I) referenced from GUICC_88666I.o(.rodata)
 <LI><a href="#[10e]">_Color2Index_888</a> from GUICC_888.o(.text._Color2Index_888) referenced from GUICC_888.o(.rodata)
 <LI><a href="#[113]">_Color2Index_8888</a> from GUICC_8888.o(.text._Color2Index_8888) referenced from GUICC_8888.o(.rodata)
 <LI><a href="#[fc]">_Color2Index_M1555I</a> from GUICC_M1555I.o(.text._Color2Index_M1555I) referenced from GUICC_M1555I.o(.rodata)
 <LI><a href="#[101]">_Color2Index_M4444I</a> from GUICC_M4444I.o(.text._Color2Index_M4444I) referenced from GUICC_M4444I.o(.rodata)
 <LI><a href="#[118]">_Color2Index_M565</a> from GUICC_M565.o(.text._Color2Index_M565) referenced from GUICC_M565.o(.rodata)
 <LI><a href="#[11c]">_Color2Index_M888</a> from GUICC_M888.o(.text._Color2Index_M888) referenced from GUICC_M888.o(.rodata)
 <LI><a href="#[120]">_Color2Index_M8888</a> from GUICC_M8888.o(.text._Color2Index_M8888) referenced from GUICC_M8888.o(.rodata)
 <LI><a href="#[106]">_Color2Index_M8888I</a> from GUICC_M8888I.o(.text._Color2Index_M8888I) referenced from GUICC_M8888I.o(.rodata)
 <LI><a href="#[bb]">_CopyBuffer</a> from GUIDRV_Lin_16.o(.text._CopyBuffer) referenced from GUIDRV_Lin_16.o(.text._GetDevFunc)
 <LI><a href="#[1b]">_Create</a> from FRAMEWIN_Skin.o(.text._Create) referenced 8 times from FRAMEWIN_Skin.o(.data)
 <LI><a href="#[a1]">_DrawBackgroundH</a> from SCROLLBAR_SkinFlex.o(.text._DrawBackgroundH) referenced from SCROLLBAR_SkinFlex.o(.text.SCROLLBAR_DrawSkinFlex)
 <LI><a href="#[a3]">_DrawBackgroundV</a> from SCROLLBAR_SkinFlex.o(.text._DrawBackgroundV) referenced from SCROLLBAR_SkinFlex.o(.text.SCROLLBAR_DrawSkinFlex)
 <LI><a href="#[12e]">_DrawBitmap</a> from GUIDRV_Lin_16.o(.text._DrawBitmap) referenced 5 times from GUIDRV_Lin_16.o(.rodata)
 <LI><a href="#[128]">_DrawBitmapA555</a> from GUI_DrawBitmap_A16.o(.text._DrawBitmapA555) referenced from GUI_DrawBitmap_A16.o(.rodata)
 <LI><a href="#[12a]">_DrawBitmapA565</a> from GUI_DrawBitmap_A16.o(.text._DrawBitmapA565) referenced from GUI_DrawBitmap_A16.o(.rodata)
 <LI><a href="#[127]">_DrawBitmapAM555</a> from GUI_DrawBitmap_A16.o(.text._DrawBitmapAM555) referenced from GUI_DrawBitmap_A16.o(.rodata)
 <LI><a href="#[129]">_DrawBitmapAM565</a> from GUI_DrawBitmap_A16.o(.text._DrawBitmapAM565) referenced from GUI_DrawBitmap_A16.o(.rodata)
 <LI><a href="#[17a]">_DrawDown</a> from WIDGET_Effect_Simple.o(.text._DrawDown) referenced from WIDGET_Effect_Simple.o(.rodata)
 <LI><a href="#[17b]">_DrawDownRect</a> from WIDGET_Effect_Simple.o(.text._DrawDownRect) referenced from WIDGET_Effect_Simple.o(.rodata)
 <LI><a href="#[a0]">_DrawGraspH</a> from SCROLLBAR_SkinFlex.o(.text._DrawGraspH) referenced from SCROLLBAR_SkinFlex.o(.text.SCROLLBAR_DrawSkinFlex)
 <LI><a href="#[a2]">_DrawGraspV</a> from SCROLLBAR_SkinFlex.o(.text._DrawGraspV) referenced from SCROLLBAR_SkinFlex.o(.text.SCROLLBAR_DrawSkinFlex)
 <LI><a href="#[12f]">_DrawHLine</a> from GUIDRV_Lin_16.o(.text._DrawHLine) referenced 4 times from GUIDRV_Lin_16.o(.rodata)
 <LI><a href="#[178]">_DrawUp</a> from WIDGET_Effect_Simple.o(.text._DrawUp) referenced from WIDGET_Effect_Simple.o(.rodata)
 <LI><a href="#[179]">_DrawUpRect</a> from WIDGET_Effect_Simple.o(.text._DrawUpRect) referenced from WIDGET_Effect_Simple.o(.rodata)
 <LI><a href="#[130]">_DrawVLine</a> from GUIDRV_Lin_16.o(.text._DrawVLine) referenced 4 times from GUIDRV_Lin_16.o(.rodata)
 <LI><a href="#[140]">_Encode</a> from GUI_UC_EncodeNone.o(.text._Encode) referenced from GUI_UC_EncodeNone.o(.rodata)
 <LI><a href="#[131]">_FillRect</a> from GUIDRV_Lin_16.o(.text._FillRect) referenced 4 times from GUIDRV_Lin_16.o(.rodata)
 <LI><a href="#[176]">_GUI_USAGE_BM_Delete</a> from GUIDEV_UsageBM.o(.text._GUI_USAGE_BM_Delete) referenced from GUIDEV_UsageBM.o(.rodata)
 <LI><a href="#[1c]">_GetBorderSize</a> from FRAMEWIN_Skin.o(.text._GetBorderSize) referenced 2 times from FRAMEWIN_Skin.o(.data)
 <LI><a href="#[13d]">_GetCharCode</a> from GUI_UC_EncodeNone.o(.text._GetCharCode) referenced from GUI_UC_EncodeNone.o(.rodata)
 <LI><a href="#[13e]">_GetCharSize</a> from GUI_UC_EncodeNone.o(.text._GetCharSize) referenced from GUI_UC_EncodeNone.o(.rodata)
 <LI><a href="#[138]">_GetDevData</a> from GUIDRV_Lin_16.o(.text._GetDevData) referenced 4 times from GUIDRV_Lin_16.o(.rodata)
 <LI><a href="#[136]">_GetDevFunc</a> from GUIDRV_Lin_16.o(.text._GetDevFunc) referenced 4 times from GUIDRV_Lin_16.o(.rodata)
 <LI><a href="#[137]">_GetDevProp</a> from GUIDRV_Lin_16.o(.text._GetDevProp) referenced 4 times from GUIDRV_Lin_16.o(.rodata)
 <LI><a href="#[15a]">_GetIndexMask_0</a> from GUICC_0.o(.text._GetIndexMask_0) referenced from GUICC_0.o(.rodata)
 <LI><a href="#[13c]">_GetIndexMask_16</a> from GUICC_16.o(.text._GetIndexMask_16) referenced from GUICC_16.o(.rodata)
 <LI><a href="#[e8]">_GetIndexMask_1616I</a> from GUICC_1616I.o(.text._GetIndexMask_1616I) referenced from GUICC_1616I.o(.rodata)
 <LI><a href="#[10b]">_GetIndexMask_565</a> from GUICC_565.o(.text._GetIndexMask_565) referenced from GUICC_565.o(.rodata)
 <LI><a href="#[ed]">_GetIndexMask_822216</a> from GUICC_822216.o(.text._GetIndexMask_822216) referenced from GUICC_822216.o(.rodata)
 <LI><a href="#[f0]">_GetIndexMask_84444</a> from GUICC_84444.o(.text._GetIndexMask_84444) referenced from GUICC_84444.o(.rodata)
 <LI><a href="#[f3]">_GetIndexMask_8666</a> from GUICC_8666.o(.text._GetIndexMask_8666) referenced from GUICC_8666.o(.rodata)
 <LI><a href="#[f6]">_GetIndexMask_8666_1</a> from GUICC_8666_1.o(.text._GetIndexMask_8666_1) referenced from GUICC_8666_1.o(.rodata)
 <LI><a href="#[f9]">_GetIndexMask_88666I</a> from GUICC_88666I.o(.text._GetIndexMask_88666I) referenced from GUICC_88666I.o(.rodata)
 <LI><a href="#[110]">_GetIndexMask_888</a> from GUICC_888.o(.text._GetIndexMask_888) referenced from GUICC_888.o(.rodata)
 <LI><a href="#[115]">_GetIndexMask_8888</a> from GUICC_8888.o(.text._GetIndexMask_8888) referenced from GUICC_8888.o(.rodata)
 <LI><a href="#[fe]">_GetIndexMask_M1555I</a> from GUICC_M1555I.o(.text._GetIndexMask_M1555I) referenced from GUICC_M1555I.o(.rodata)
 <LI><a href="#[103]">_GetIndexMask_M4444I</a> from GUICC_M4444I.o(.text._GetIndexMask_M4444I) referenced from GUICC_M4444I.o(.rodata)
 <LI><a href="#[119]">_GetIndexMask_M565</a> from GUICC_M565.o(.text._GetIndexMask_M565) referenced from GUICC_M565.o(.rodata)
 <LI><a href="#[11d]">_GetIndexMask_M888</a> from GUICC_M888.o(.text._GetIndexMask_M888) referenced from GUICC_M888.o(.rodata)
 <LI><a href="#[122]">_GetIndexMask_M8888</a> from GUICC_M8888.o(.text._GetIndexMask_M8888) referenced from GUICC_M8888.o(.rodata)
 <LI><a href="#[107]">_GetIndexMask_M8888I</a> from GUICC_M8888I.o(.text._GetIndexMask_M8888I) referenced from GUICC_M8888I.o(.rodata)
 <LI><a href="#[132]">_GetPixelIndex</a> from GUIDRV_Lin_16.o(.text._GetPixelIndex) referenced 4 times from GUIDRV_Lin_16.o(.rodata)
 <LI><a href="#[b5]">_GetPos</a> from GUIDRV_Lin_16.o(.text._GetPos) referenced from GUIDRV_Lin_16.o(.text._GetDevFunc)
 <LI><a href="#[139]">_GetRect</a> from GUIDRV_Lin_16.o(.text._GetRect) referenced 4 times from GUIDRV_Lin_16.o(.rodata)
 <LI><a href="#[156]">_GetXSize</a> from GUI_DRAW_BITMAP.o(.text._GetXSize) referenced from GUI_DRAW_BITMAP.o(.rodata)
 <LI><a href="#[157]">_GetYSize</a> from GUI_DRAW_BITMAP.o(.text._GetYSize) referenced from GUI_DRAW_BITMAP.o(.rodata)
 <LI><a href="#[10d]">_Index2ColorBulk</a> from GUICC_565.o(.text._Index2ColorBulk) referenced 6 times from GUICC_565.o(.rodata)
 <LI><a href="#[ea]">_Index2ColorBulk_1616I</a> from GUICC_1616I.o(.text._Index2ColorBulk_1616I) referenced from GUICC_1616I.o(.rodata)
 <LI><a href="#[fb]">_Index2ColorBulk_88666I</a> from GUICC_88666I.o(.text._Index2ColorBulk_88666I) referenced from GUICC_88666I.o(.rodata)
 <LI><a href="#[100]">_Index2ColorBulk_M1555I</a> from GUICC_M1555I.o(.text._Index2ColorBulk_M1555I) referenced from GUICC_M1555I.o(.rodata)
 <LI><a href="#[cf]">_Index2ColorBulk_M1555I_DMA2D</a> from stemwin_wrapper.o(i._Index2ColorBulk_M1555I_DMA2D) referenced from stemwin_wrapper.o(i.LCD_X_Config)
 <LI><a href="#[105]">_Index2ColorBulk_M4444I</a> from GUICC_M4444I.o(.text._Index2ColorBulk_M4444I) referenced from GUICC_M4444I.o(.rodata)
 <LI><a href="#[d3]">_Index2ColorBulk_M4444I_DMA2D</a> from stemwin_wrapper.o(i._Index2ColorBulk_M4444I_DMA2D) referenced from stemwin_wrapper.o(i.LCD_X_Config)
 <LI><a href="#[d1]">_Index2ColorBulk_M565_DMA2D</a> from stemwin_wrapper.o(i._Index2ColorBulk_M565_DMA2D) referenced from stemwin_wrapper.o(i.LCD_X_Config)
 <LI><a href="#[109]">_Index2ColorBulk_M8888I</a> from GUICC_M8888I.o(.text._Index2ColorBulk_M8888I) referenced from GUICC_M8888I.o(.rodata)
 <LI><a href="#[d7]">_Index2ColorBulk_M8888I_DMA2D</a> from stemwin_wrapper.o(i._Index2ColorBulk_M8888I_DMA2D) referenced from stemwin_wrapper.o(i.LCD_X_Config)
 <LI><a href="#[d5]">_Index2ColorBulk_M888_DMA2D</a> from stemwin_wrapper.o(i._Index2ColorBulk_M888_DMA2D) referenced from stemwin_wrapper.o(i.LCD_X_Config)
 <LI><a href="#[159]">_Index2Color_0</a> from GUICC_0.o(.text._Index2Color_0) referenced from GUICC_0.o(.rodata)
 <LI><a href="#[13b]">_Index2Color_16</a> from GUICC_16.o(.text._Index2Color_16) referenced from GUICC_16.o(.rodata)
 <LI><a href="#[e7]">_Index2Color_1616I</a> from GUICC_1616I.o(.text._Index2Color_1616I) referenced from GUICC_1616I.o(.rodata)
 <LI><a href="#[ec]">_Index2Color_822216</a> from GUICC_822216.o(.text._Index2Color_822216) referenced from GUICC_822216.o(.rodata)
 <LI><a href="#[ef]">_Index2Color_84444</a> from GUICC_84444.o(.text._Index2Color_84444) referenced from GUICC_84444.o(.rodata)
 <LI><a href="#[f5]">_Index2Color_8666_1</a> from GUICC_8666_1.o(.text._Index2Color_8666_1) referenced from GUICC_8666_1.o(.rodata)
 <LI><a href="#[f8]">_Index2Color_88666I</a> from GUICC_88666I.o(.text._Index2Color_88666I) referenced from GUICC_88666I.o(.rodata)
 <LI><a href="#[fd]">_Index2Color_M1555I</a> from GUICC_M1555I.o(.text._Index2Color_M1555I) referenced from GUICC_M1555I.o(.rodata)
 <LI><a href="#[102]">_Index2Color_M4444I</a> from GUICC_M4444I.o(.text._Index2Color_M4444I) referenced from GUICC_M4444I.o(.rodata)
 <LI><a href="#[121]">_Index2Color_M8888</a> from GUICC_M8888.o(.text._Index2Color_M8888) referenced from GUICC_M8888.o(.rodata)
 <LI><a href="#[c2]">_Init</a> from GUIDRV_Lin_16.o(.text._Init) referenced from GUIDRV_Lin_16.o(.text._GetDevFunc)
 <LI><a href="#[91]">_InvalidateNewItem</a> from GRAPH_DATA_YT.o(.text._InvalidateNewItem) referenced from GRAPH_DATA_YT.o(.text.GRAPH_DATA_YT_Create)
 <LI><a href="#[d9]">_LCD_DrawBitmapAlpha</a> from stemwin_wrapper.o(i._LCD_DrawBitmapAlpha) referenced from stemwin_wrapper.o(i.LCD_X_Config)
 <LI><a href="#[da]">_LCD_DrawMemdevAlpha</a> from stemwin_wrapper.o(i._LCD_DrawMemdevAlpha) referenced from stemwin_wrapper.o(i.LCD_X_Config)
 <LI><a href="#[17]">_Log2VisBuffered</a> from GUI_CharLine.o(.text._Log2VisBuffered) referenced 2 times from GUI_CharLine.o(.data)
 <LI><a href="#[c0]">_Off</a> from GUIDRV_Lin_16.o(.text._Off) referenced from GUIDRV_Lin_16.o(.text._GetDevFunc)
 <LI><a href="#[c1]">_On</a> from GUIDRV_Lin_16.o(.text._On) referenced from GUIDRV_Lin_16.o(.text._GetDevFunc)
 <LI><a href="#[90]">_OnDelete</a> from GRAPH_DATA_YT.o(.text._OnDelete) referenced from GRAPH_DATA_YT.o(.text.GRAPH_DATA_YT_Create)
 <LI><a href="#[93]">_OnExit</a> from GUI_Task.o(.text._OnExit) referenced from GUI_Task.o(.text.GUITASK_Init)
 <LI><a href="#[94]">_OnExit</a> from GUI_Cursor.o(.text._OnExit) referenced from GUI_Cursor.o(.text.GUI_CURSOR_SelectEx)
 <LI><a href="#[96]">_OnExit</a> from GUI_PID.o(.text._OnExit) referenced from GUI_PID.o(.text.GUI_PID_StoreState)
 <LI><a href="#[98]">_OnExit</a> from GUI_Timer.o(.text._OnExit) referenced from GUI_Timer.o(.text.GUI_TIMER_Create)
 <LI><a href="#[99]">_OnExit</a> from GUI__Alpha.o(.text._OnExit) referenced from GUI__Alpha.o(.text.GUI__AllocAlphaBuffer)
 <LI><a href="#[9a]">_OnExit</a> from GUI_Core.o(.text._OnExit) referenced from GUI_Core.o(.text.GUI__Config)
 <LI><a href="#[99]">_OnExit</a> from GUI__Alpha.o(.text._OnExit) referenced from GUI__Alpha.o(.text.GUI__DoAlphaBlending)
 <LI><a href="#[99]">_OnExit</a> from GUI__Alpha.o(.text._OnExit) referenced from GUI__Alpha.o(.text.GUI__GetAlphaBuffer)
 <LI><a href="#[9e]">_OnExit</a> from LCD_Color.o(.text._OnExit) referenced from LCD_Color.o(.text.LCD_InitColors)
 <LI><a href="#[aa]">_OnExit</a> from WM.o(.text._OnExit) referenced from WM.o(.text.WM_Init)
 <LI><a href="#[8f]">_OnPaint</a> from GRAPH_DATA_YT.o(.text._OnPaint) referenced from GRAPH_DATA_YT.o(.text.GRAPH_DATA_YT_Create)
 <LI><a href="#[92]">_OnPaint</a> from GRAPH_SCALE.o(.text._OnPaint) referenced from GRAPH_SCALE.o(.text.GRAPH_SCALE_Create)
 <LI><a href="#[1a]">_Paint</a> from FRAMEWIN_Skin.o(.text._Paint) referenced 8 times from FRAMEWIN_Skin.o(.data)
 <LI><a href="#[b8]">_ReadRect</a> from GUIDRV_Lin_16.o(.text._ReadRect) referenced from GUIDRV_Lin_16.o(.text._GetDevFunc)
 <LI><a href="#[b7]">_SetAlpha</a> from GUIDRV_Lin_16.o(.text._SetAlpha) referenced from GUIDRV_Lin_16.o(.text._GetDevFunc)
 <LI><a href="#[bf]">_SetAlphaMode</a> from GUIDRV_Lin_16.o(.text._SetAlphaMode) referenced from GUIDRV_Lin_16.o(.text._GetDevFunc)
 <LI><a href="#[12c]">_SetBkColor</a> from LCD.o(.text._SetBkColor) referenced from LCD.o(.rodata)
 <LI><a href="#[bd]">_SetChroma</a> from GUIDRV_Lin_16.o(.text._SetChroma) referenced from GUIDRV_Lin_16.o(.text._GetDevFunc)
 <LI><a href="#[be]">_SetChromaMode</a> from GUIDRV_Lin_16.o(.text._SetChromaMode) referenced from GUIDRV_Lin_16.o(.text._GetDevFunc)
 <LI><a href="#[12b]">_SetColor</a> from LCD.o(.text._SetColor) referenced from LCD.o(.rodata)
 <LI><a href="#[bc]">_SetDevFunc</a> from GUIDRV_Lin_16.o(.text._SetDevFunc) referenced from GUIDRV_Lin_16.o(.text._GetDevFunc)
 <LI><a href="#[12d]">_SetDrawMode</a> from LCD.o(.text._SetDrawMode) referenced from LCD.o(.rodata)
 <LI><a href="#[135]">_SetOrg</a> from GUIDRV_Lin_16.o(.text._SetOrg) referenced 4 times from GUIDRV_Lin_16.o(.rodata)
 <LI><a href="#[133]">_SetPixelIndex</a> from GUIDRV_Lin_16.o(.text._SetPixelIndex) referenced 4 times from GUIDRV_Lin_16.o(.rodata)
 <LI><a href="#[b6]">_SetPos</a> from GUIDRV_Lin_16.o(.text._SetPos) referenced from GUIDRV_Lin_16.o(.text._GetDevFunc)
 <LI><a href="#[c3]">_SetSize</a> from GUIDRV_Lin_16.o(.text._SetSize) referenced from GUIDRV_Lin_16.o(.text._GetDevFunc)
 <LI><a href="#[b3]">_SetVRAMAddr</a> from GUIDRV_Lin_16.o(.text._SetVRAMAddr) referenced from GUIDRV_Lin_16.o(.text._GetDevFunc)
 <LI><a href="#[b9]">_SetVRAM_BufferPTR</a> from GUIDRV_Lin_16.o(.text._SetVRAM_BufferPTR) referenced from GUIDRV_Lin_16.o(.text._GetDevFunc)
 <LI><a href="#[c4]">_SetVSize</a> from GUIDRV_Lin_16.o(.text._SetVSize) referenced from GUIDRV_Lin_16.o(.text._GetDevFunc)
 <LI><a href="#[b4]">_SetVis</a> from GUIDRV_Lin_16.o(.text._SetVis) referenced from GUIDRV_Lin_16.o(.text._GetDevFunc)
 <LI><a href="#[ba]">_ShowBuffer</a> from GUIDRV_Lin_16.o(.text._ShowBuffer) referenced from GUIDRV_Lin_16.o(.text._GetDevFunc)
 <LI><a href="#[134]">_XorPixel</a> from GUIDRV_Lin_16.o(.text._XorPixel) referenced 4 times from GUIDRV_Lin_16.o(.rodata)
 <LI><a href="#[8b]">__main</a> from entry.o(.ARM.Collect$$$$00000000) referenced from startup_stm32f429xx.o(.text)
 <LI><a href="#[ab]">_cbBackWin</a> from WM.o(.text._cbBackWin) referenced from WM.o(.text.WM_Init)
 <LI><a href="#[c7]">_cbDialog</a> from velocimetrodlg.o(i._cbDialog) referenced from velocimetrodlg.o(i.Createvelocimetro)
 <LI><a href="#[a7]">_cbInvalidateOne</a> from WM_BringToTop.o(.text._cbInvalidateOne) referenced from WM_BringToTop.o(.text.WM_BringToTop)
 <LI><a href="#[a9]">_cbPaintMemDev</a> from WM.o(.text._cbPaintMemDev) referenced from WM.o(.text.WM_Exec)
 <LI><a href="#[a8]">_cbTimer</a> from WM_Timer.o(.text._cbTimer) referenced from WM_Timer.o(.text.WM_CreateTimer)
 <LI><a href="#[89]">main</a> from main.o(i.main) referenced from entry9a.o(.ARM.Collect$$$$0000000B)
 <LI><a href="#[18]">memcpy</a> from memmove.o(.text) referenced 2 times from GUI__Private.o(.data)
 <LI><a href="#[19]">memset</a> from memseta.o(.text) referenced 2 times from GUI__Private.o(.data)
 <LI><a href="#[dd]">prvIdleTask</a> from tasks.o(i.prvIdleTask) referenced from tasks.o(i.vTaskStartScheduler)
 <LI><a href="#[dc]">prvTaskExitError</a> from port.o(i.prvTaskExitError) referenced from port.o(i.pxPortInitialiseStack)
 <LI><a href="#[1]">stmpe811_Init</a> from stmpe811.o(i.stmpe811_Init) referenced 2 times from stmpe811.o(.data)
 <LI><a href="#[2]">stmpe811_ReadID</a> from stmpe811.o(i.stmpe811_ReadID) referenced 2 times from stmpe811.o(.data)
 <LI><a href="#[3]">stmpe811_Reset</a> from stmpe811.o(i.stmpe811_Reset) referenced 2 times from stmpe811.o(.data)
 <LI><a href="#[8]">stmpe811_TS_ClearIT</a> from stmpe811.o(i.stmpe811_TS_ClearIT) referenced 2 times from stmpe811.o(.data)
 <LI><a href="#[5]">stmpe811_TS_DetectTouch</a> from stmpe811.o(i.stmpe811_TS_DetectTouch) referenced 2 times from stmpe811.o(.data)
 <LI><a href="#[a]">stmpe811_TS_DisableIT</a> from stmpe811.o(i.stmpe811_TS_DisableIT) referenced 2 times from stmpe811.o(.data)
 <LI><a href="#[7]">stmpe811_TS_EnableIT</a> from stmpe811.o(i.stmpe811_TS_EnableIT) referenced 2 times from stmpe811.o(.data)
 <LI><a href="#[6]">stmpe811_TS_GetXY</a> from stmpe811.o(i.stmpe811_TS_GetXY) referenced 2 times from stmpe811.o(.data)
 <LI><a href="#[9]">stmpe811_TS_ITStatus</a> from stmpe811.o(i.stmpe811_TS_ITStatus) referenced 2 times from stmpe811.o(.data)
 <LI><a href="#[4]">stmpe811_TS_Start</a> from stmpe811.o(i.stmpe811_TS_Start) referenced 2 times from stmpe811.o(.data)
</UL>
<P>
<H3>
Global Symbols
</H3>
<P><STRONG><a name="[8b]"></a>__main</STRONG> (Thumb, 0 bytes, Stack size unknown bytes, entry.o(.ARM.Collect$$$$00000000))
<BR>[Address Reference Count : 1]<UL><LI> startup_stm32f429xx.o(.text)
</UL>
<P><STRONG><a name="[4cd]"></a>_main_stk</STRONG> (Thumb, 0 bytes, Stack size unknown bytes, entry2.o(.ARM.Collect$$$$00000001))

<P><STRONG><a name="[17c]"></a>_main_scatterload</STRONG> (Thumb, 0 bytes, Stack size unknown bytes, entry5.o(.ARM.Collect$$$$00000004))
<BR><BR>[Calls]<UL><LI><a href="#[17d]">&gt;&gt;</a>&nbsp;&nbsp;&nbsp;__scatterload
</UL>

<P><STRONG><a name="[190]"></a>__main_after_scatterload</STRONG> (Thumb, 0 bytes, Stack size unknown bytes, entry5.o(.ARM.Collect$$$$00000004))
<BR><BR>[Called By]<UL><LI><a href="#[17d]">&gt;&gt;</a>&nbsp;&nbsp;&nbsp;__scatterload
</UL>

<P><STRONG><a name="[4ce]"></a>_main_clock</STRONG> (Thumb, 0 bytes, Stack size unknown bytes, entry7b.o(.ARM.Collect$$$$00000008))

<P><STRONG><a name="[4cf]"></a>_main_cpp_init</STRONG> (Thumb, 0 bytes, Stack size unknown bytes, entry8b.o(.ARM.Collect$$$$0000000A))

<P><STRONG><a name="[4d0]"></a>_main_init</STRONG> (Thumb, 0 bytes, Stack size unknown bytes, entry9a.o(.ARM.Collect$$$$0000000B))

<P><STRONG><a name="[4d1]"></a>__rt_lib_shutdown_fini</STRONG> (Thumb, 0 bytes, Stack size unknown bytes, entry12b.o(.ARM.Collect$$$$0000000E))

<P><STRONG><a name="[4d2]"></a>__rt_final_cpp</STRONG> (Thumb, 0 bytes, Stack size unknown bytes, entry10a.o(.ARM.Collect$$$$0000000F))

<P><STRONG><a name="[4d3]"></a>__rt_final_exit</STRONG> (Thumb, 0 bytes, Stack size unknown bytes, entry11a.o(.ARM.Collect$$$$00000011))

<P><STRONG><a name="[2b]"></a>SVC_Handler</STRONG> (Thumb, 28 bytes, Stack size 0 bytes, port.o(.emb_text))
<BR>[Address Reference Count : 1]<UL><LI> startup_stm32f429xx.o(RESET)
</UL>
<P><STRONG><a name="[4c7]"></a>__asm___6_port_c_39a90d8d__prvStartFirstTask</STRONG> (Thumb, 36 bytes, Stack size 0 bytes, port.o(.emb_text))
<BR><BR>[Called By]<UL><LI><a href="#[4c2]">&gt;&gt;</a>&nbsp;&nbsp;&nbsp;xPortStartScheduler
</UL>

<P><STRONG><a name="[4c6]"></a>__asm___6_port_c_39a90d8d__prvEnableVFP</STRONG> (Thumb, 16 bytes, Stack size 0 bytes, port.o(.emb_text))
<BR><BR>[Called By]<UL><LI><a href="#[4c2]">&gt;&gt;</a>&nbsp;&nbsp;&nbsp;xPortStartScheduler
</UL>

<P><STRONG><a name="[2d]"></a>PendSV_Handler</STRONG> (Thumb, 88 bytes, Stack size 0 bytes, port.o(.emb_text))
<BR><BR>[Stack]<UL><LI>Max Depth = 8<LI>Call Chain = PendSV_Handler &rArr; vTaskSwitchContext
</UL>
<BR>[Calls]<UL><LI><a href="#[17e]">&gt;&gt;</a>&nbsp;&nbsp;&nbsp;vTaskSwitchContext
</UL>
<BR>[Address Reference Count : 1]<UL><LI> startup_stm32f429xx.o(RESET)
</UL>
<P><STRONG><a name="[4bd]"></a>vPortGetIPSR</STRONG> (Thumb, 6 bytes, Stack size 0 bytes, port.o(.emb_text))
<BR><BR>[Called By]<UL><LI><a href="#[4bc]">&gt;&gt;</a>&nbsp;&nbsp;&nbsp;vPortValidateInterruptPriority
</UL>

<P><STRONG><a name="[25]"></a>Reset_Handler</STRONG> (Thumb, 8 bytes, Stack size 0 bytes, startup_stm32f429xx.o(.text))
<BR>[Address Reference Count : 1]<UL><LI> startup_stm32f429xx.o(RESET)
</UL>
<P><STRONG><a name="[41]"></a>ADC_IRQHandler</STRONG> (Thumb, 0 bytes, Stack size 0 bytes, startup_stm32f429xx.o(.text))
<BR><BR>[Calls]<UL><LI><a href="#[41]">&gt;&gt;</a>&nbsp;&nbsp;&nbsp;ADC_IRQHandler
</UL>
<BR>[Called By]<UL><LI><a href="#[41]">&gt;&gt;</a>&nbsp;&nbsp;&nbsp;ADC_IRQHandler
</UL>
<BR>[Address Reference Count : 1]<UL><LI> startup_stm32f429xx.o(RESET)
</UL>
<P><STRONG><a name="[43]"></a>CAN1_RX0_IRQHandler</STRONG> (Thumb, 0 bytes, Stack size 0 bytes, startup_stm32f429xx.o(.text))
<BR>[Address Reference Count : 1]<UL><LI> startup_stm32f429xx.o(RESET)
</UL>
<P><STRONG><a name="[44]"></a>CAN1_RX1_IRQHandler</STRONG> (Thumb, 0 bytes, Stack size 0 bytes, startup_stm32f429xx.o(.text))
<BR>[Address Reference Count : 1]<UL><LI> startup_stm32f429xx.o(RESET)
</UL>
<P><STRONG><a name="[45]"></a>CAN1_SCE_IRQHandler</STRONG> (Thumb, 0 bytes, Stack size 0 bytes, startup_stm32f429xx.o(.text))
<BR>[Address Reference Count : 1]<UL><LI> startup_stm32f429xx.o(RESET)
</UL>
<P><STRONG><a name="[42]"></a>CAN1_TX_IRQHandler</STRONG> (Thumb, 0 bytes, Stack size 0 bytes, startup_stm32f429xx.o(.text))
<BR>[Address Reference Count : 1]<UL><LI> startup_stm32f429xx.o(RESET)
</UL>
<P><STRONG><a name="[6f]"></a>CAN2_RX0_IRQHandler</STRONG> (Thumb, 0 bytes, Stack size 0 bytes, startup_stm32f429xx.o(.text))
<BR>[Address Reference Count : 1]<UL><LI> startup_stm32f429xx.o(RESET)
</UL>
<P><STRONG><a name="[70]"></a>CAN2_RX1_IRQHandler</STRONG> (Thumb, 0 bytes, Stack size 0 bytes, startup_stm32f429xx.o(.text))
<BR>[Address Reference Count : 1]<UL><LI> startup_stm32f429xx.o(RESET)
</UL>
<P><STRONG><a name="[71]"></a>CAN2_SCE_IRQHandler</STRONG> (Thumb, 0 bytes, Stack size 0 bytes, startup_stm32f429xx.o(.text))
[...]
<LI><a href="#[300]">&gt;&gt;</a>&nbsp;&nbsp;&nbsp;GUI__IntersectRect
</UL>
<BR>[Called By]<UL><LI><a href="#[210]">&gt;&gt;</a>&nbsp;&nbsp;&nbsp;GUI_SPRITE_Delete
</UL>

<P><STRONG><a name="[297]"></a>_SpriteDraw</STRONG> (Thumb, 1012 bytes, Stack size unknown bytes, GUI_SPRITE.o(.text._SpriteDraw))
<BR><BR>[Stack]<UL><LI>Max Depth = 128 + Unknown Stack Size
<LI>Call Chain = _SpriteDraw &rArr; _ReleaseBuffer.isra.7 &rArr; GUI_ALLOC_Free &rArr; GUI_Unlock &rArr; GUI_X_Unlock &rArr; osMutexRelease &rArr; xQueueGenericSend &rArr; xTaskResumeAll &rArr; xTaskIncrementTick
</UL>
<BR>[Calls]<UL><LI><a href="#[296]">&gt;&gt;</a>&nbsp;&nbsp;&nbsp;_ReleaseBuffer.isra.7
<LI><a href="#[295]">&gt;&gt;</a>&nbsp;&nbsp;&nbsp;_SetBkIndexBuffered
<LI><a href="#[293]">&gt;&gt;</a>&nbsp;&nbsp;&nbsp;_CreateBuffer.isra.4
<LI><a href="#[271]">&gt;&gt;</a>&nbsp;&nbsp;&nbsp;LCD_GetYSizeEx
<LI><a href="#[270]">&gt;&gt;</a>&nbsp;&nbsp;&nbsp;LCD_GetXSizeEx
<LI><a href="#[294]">&gt;&gt;</a>&nbsp;&nbsp;&nbsp;GUI_GetBitmapPixelIndex
<LI><a href="#[193]">&gt;&gt;</a>&nbsp;&nbsp;&nbsp;GUI_ALLOC_UnlockH
<LI><a href="#[192]">&gt;&gt;</a>&nbsp;&nbsp;&nbsp;GUI_ALLOC_LockH
<LI><a href="#[300]">&gt;&gt;</a>&nbsp;&nbsp;&nbsp;GUI__IntersectRect
</UL>
<BR>[Called By]<UL><LI><a href="#[20f]">&gt;&gt;</a>&nbsp;&nbsp;&nbsp;GUI_SPRITE_Show
<LI><a href="#[20a]">&gt;&gt;</a>&nbsp;&nbsp;&nbsp;GUI_SPRITE__CreateEx
</UL>

<P><STRONG><a name="[15d]"></a>_DrawVLine</STRONG> (Thumb, 752 bytes, Stack size unknown bytes, GUI_SPRITE.o(.text._DrawVLine))
<BR><BR>[Calls]<UL><LI><a href="#[324]">&gt;&gt;</a>&nbsp;&nbsp;&nbsp;GUI_RectsIntersect
<LI><a href="#[294]">&gt;&gt;</a>&nbsp;&nbsp;&nbsp;GUI_GetBitmapPixelIndex
<LI><a href="#[193]">&gt;&gt;</a>&nbsp;&nbsp;&nbsp;GUI_ALLOC_UnlockH
<LI><a href="#[192]">&gt;&gt;</a>&nbsp;&nbsp;&nbsp;GUI_ALLOC_LockH
<LI><a href="#[300]">&gt;&gt;</a>&nbsp;&nbsp;&nbsp;GUI__IntersectRect
</UL>
<BR>[Address Reference Count : 1]<UL><LI> GUI_SPRITE.o(.rodata)
</UL>
<P><STRONG><a name="[15c]"></a>_DrawHLine</STRONG> (Thumb, 764 bytes, Stack size unknown bytes, GUI_SPRITE.o(.text._DrawHLine))
<BR><BR>[Calls]<UL><LI><a href="#[324]">&gt;&gt;</a>&nbsp;&nbsp;&nbsp;GUI_RectsIntersect
<LI><a href="#[294]">&gt;&gt;</a>&nbsp;&nbsp;&nbsp;GUI_GetBitmapPixelIndex
<LI><a href="#[193]">&gt;&gt;</a>&nbsp;&nbsp;&nbsp;GUI_ALLOC_UnlockH
<LI><a href="#[192]">&gt;&gt;</a>&nbsp;&nbsp;&nbsp;GUI_ALLOC_LockH
<LI><a href="#[300]">&gt;&gt;</a>&nbsp;&nbsp;&nbsp;GUI__IntersectRect
</UL>
<BR>[Address Reference Count : 1]<UL><LI> GUI_SPRITE.o(.rodata)
</UL>
<P><STRONG><a name="[15b]"></a>_DrawBitmap</STRONG> (Thumb, 2006 bytes, Stack size unknown bytes, GUI_SPRITE.o(.text._DrawBitmap))
<BR><BR>[Calls]<UL><LI><a href="#[324]">&gt;&gt;</a>&nbsp;&nbsp;&nbsp;GUI_RectsIntersect
<LI><a href="#[294]">&gt;&gt;</a>&nbsp;&nbsp;&nbsp;GUI_GetBitmapPixelIndex
<LI><a href="#[336]">&gt;&gt;</a>&nbsp;&nbsp;&nbsp;GUI_GetBitmapPixelIndexEx
<LI><a href="#[193]">&gt;&gt;</a>&nbsp;&nbsp;&nbsp;GUI_ALLOC_UnlockH
<LI><a href="#[192]">&gt;&gt;</a>&nbsp;&nbsp;&nbsp;GUI_ALLOC_LockH
<LI><a href="#[300]">&gt;&gt;</a>&nbsp;&nbsp;&nbsp;GUI__IntersectRect
</UL>
<BR>[Address Reference Count : 1]<UL><LI> GUI_SPRITE.o(.rodata)
</UL>
<P><STRONG><a name="[98]"></a>_OnExit</STRONG> (Thumb, 16 bytes, Stack size unknown bytes, GUI_Timer.o(.text._OnExit))
<BR>[Address Reference Count : 1]<UL><LI> GUI_Timer.o(.text.GUI_TIMER_Create)
</UL>
<P><STRONG><a name="[2a1]"></a>_Link</STRONG> (Thumb, 156 bytes, Stack size unknown bytes, GUI_Timer.o(.text._Link))
<BR><BR>[Calls]<UL><LI><a href="#[193]">&gt;&gt;</a>&nbsp;&nbsp;&nbsp;GUI_ALLOC_UnlockH
<LI><a href="#[192]">&gt;&gt;</a>&nbsp;&nbsp;&nbsp;GUI_ALLOC_LockH
</UL>
<BR>[Called By]<UL><LI><a href="#[2a4]">&gt;&gt;</a>&nbsp;&nbsp;&nbsp;GUI_TIMER_Restart
<LI><a href="#[2a0]">&gt;&gt;</a>&nbsp;&nbsp;&nbsp;GUI_TIMER_Create
</UL>

<P><STRONG><a name="[171]"></a>_GetDevData</STRONG> (Thumb, 16 bytes, Stack size unknown bytes, GUIDEV_32.o(.text._GetDevData))
<BR>[Address Reference Count : 1]<UL><LI> GUIDEV_32.o(.rodata)
</UL>
<P><STRONG><a name="[16f]"></a>_GetDevFunc</STRONG> (Thumb, 16 bytes, Stack size unknown bytes, GUIDEV_32.o(.text._GetDevFunc))
<BR>[Address Reference Count : 1]<UL><LI> GUIDEV_32.o(.rodata)
</UL>
<P><STRONG><a name="[170]"></a>_GetDevProp</STRONG> (Thumb, 10 bytes, Stack size unknown bytes, GUIDEV_32.o(.text._GetDevProp))
<BR>[Address Reference Count : 1]<UL><LI> GUIDEV_32.o(.rodata)
</UL>
<P><STRONG><a name="[16e]"></a>_SetOrg</STRONG> (Thumb, 8 bytes, Stack size unknown bytes, GUIDEV_32.o(.text._SetOrg))
<BR>[Address Reference Count : 1]<UL><LI> GUIDEV_32.o(.rodata)
</UL>
<P><STRONG><a name="[172]"></a>_GetRect</STRONG> (Thumb, 56 bytes, Stack size unknown bytes, GUIDEV_32.o(.text._GetRect))
<BR><BR>[Calls]<UL><LI><a href="#[193]">&gt;&gt;</a>&nbsp;&nbsp;&nbsp;GUI_ALLOC_UnlockH
<LI><a href="#[192]">&gt;&gt;</a>&nbsp;&nbsp;&nbsp;GUI_ALLOC_LockH
</UL>
<BR>[Address Reference Count : 1]<UL><LI> GUIDEV_32.o(.rodata)
</UL>
<P><STRONG><a name="[167]"></a>_DrawBitmap</STRONG> (Thumb, 2516 bytes, Stack size unknown bytes, GUIDEV_32.o(.text._DrawBitmap))
<BR><BR>[Calls]<UL><LI><a href="#[193]">&gt;&gt;</a>&nbsp;&nbsp;&nbsp;GUI_ALLOC_UnlockH
<LI><a href="#[192]">&gt;&gt;</a>&nbsp;&nbsp;&nbsp;GUI_ALLOC_LockH
<LI><a href="#[335]">&gt;&gt;</a>&nbsp;&nbsp;&nbsp;GUI_USAGE_AddRect
</UL>
<BR>[Address Reference Count : 1]<UL><LI> GUIDEV_32.o(.rodata)
</UL>
<P><STRONG><a name="[16b]"></a>_GetPixelIndex</STRONG> (Thumb, 64 bytes, Stack size unknown bytes, GUIDEV_32.o(.text._GetPixelIndex))
<BR><BR>[Calls]<UL><LI><a href="#[193]">&gt;&gt;</a>&nbsp;&nbsp;&nbsp;GUI_ALLOC_UnlockH
<LI><a href="#[192]">&gt;&gt;</a>&nbsp;&nbsp;&nbsp;GUI_ALLOC_LockH
</UL>
<BR>[Address Reference Count : 1]<UL><LI> GUIDEV_32.o(.rodata)
</UL>
<P><STRONG><a name="[16c]"></a>_SetPixelIndex</STRONG> (Thumb, 120 bytes, Stack size unknown bytes, GUIDEV_32.o(.text._SetPixelIndex))
<BR><BR>[Calls]<UL><LI><a href="#[193]">&gt;&gt;</a>&nbsp;&nbsp;&nbsp;GUI_ALLOC_UnlockH
<LI><a href="#[192]">&gt;&gt;</a>&nbsp;&nbsp;&nbsp;GUI_ALLOC_LockH
</UL>
<BR>[Address Reference Count : 1]<UL><LI> GUIDEV_32.o(.rodata)
</UL>
<P><STRONG><a name="[16d]"></a>_XorPixel</STRONG> (Thumb, 132 bytes, Stack size unknown bytes, GUIDEV_32.o(.text._XorPixel))
<BR><BR>[Calls]<UL><LI><a href="#[193]">&gt;&gt;</a>&nbsp;&nbsp;&nbsp;GUI_ALLOC_UnlockH
<LI><a href="#[192]">&gt;&gt;</a>&nbsp;&nbsp;&nbsp;GUI_ALLOC_LockH
</UL>
<BR>[Address Reference Count : 1]<UL><LI> GUIDEV_32.o(.rodata)
</UL>
<P><STRONG><a name="[16a]"></a>_FillRect</STRONG> (Thumb, 240 bytes, Stack size unknown bytes, GUIDEV_32.o(.text._FillRect))
<BR><BR>[Calls]<UL><LI><a href="#[193]">&gt;&gt;</a>&nbsp;&nbsp;&nbsp;GUI_ALLOC_UnlockH
<LI><a href="#[192]">&gt;&gt;</a>&nbsp;&nbsp;&nbsp;GUI_ALLOC_LockH
<LI><a href="#[335]">&gt;&gt;</a>&nbsp;&nbsp;&nbsp;GUI_USAGE_AddRect
</UL>
<BR>[Called By]<UL><LI><a href="#[168]">&gt;&gt;</a>&nbsp;&nbsp;&nbsp;_DrawHLine
</UL>
<BR>[Address Reference Count : 1]<UL><LI> GUIDEV_32.o(.rodata)
</UL>
<P><STRONG><a name="[168]"></a>_DrawHLine</STRONG> (Thumb, 16 bytes, Stack size unknown bytes, GUIDEV_32.o(.text._DrawHLine))
<BR><BR>[Calls]<UL><LI><a href="#[16a]">&gt;&gt;</a>&nbsp;&nbsp;&nbsp;_FillRect
</UL>
<BR>[Address Reference Count : 1]<UL><LI> GUIDEV_32.o(.rodata)
</UL>
<P><STRONG><a name="[169]"></a>_DrawVLine</STRONG> (Thumb, 224 bytes, Stack size unknown bytes, GUIDEV_32.o(.text._DrawVLine))
<BR><BR>[Calls]<UL><LI><a href="#[193]">&gt;&gt;</a>&nbsp;&nbsp;&nbsp;GUI_ALLOC_UnlockH
<LI><a href="#[192]">&gt;&gt;</a>&nbsp;&nbsp;&nbsp;GUI_ALLOC_LockH
</UL>
<BR>[Address Reference Count : 1]<UL><LI> GUIDEV_32.o(.rodata)
</UL>
<P><STRONG><a name="[173]"></a>GUI_USAGE_BM_AddPixel</STRONG> (Thumb, 46 bytes, Stack size unknown bytes, GUIDEV_UsageBM.o(.text.GUI_USAGE_BM_AddPixel))
<BR>[Address Reference Count : 1]<UL><LI> GUIDEV_UsageBM.o(.rodata)
</UL>
<P><STRONG><a name="[177]"></a>GUI_USAGE_BM_GetNextDirty</STRONG> (Thumb, 196 bytes, Stack size unknown bytes, GUIDEV_UsageBM.o(.text.GUI_USAGE_BM_GetNextDirty))
<BR>[Address Reference Count : 1]<UL><LI> GUIDEV_UsageBM.o(.rodata)
</UL>
<P><STRONG><a name="[176]"></a>_GUI_USAGE_BM_Delete</STRONG> (Thumb, 4 bytes, Stack size unknown bytes, GUIDEV_UsageBM.o(.text._GUI_USAGE_BM_Delete))
<BR><BR>[Stack]<UL><LI>Max Depth = 128 + Unknown Stack Size
<LI>Call Chain = _GUI_USAGE_BM_Delete &rArr; GUI_ALLOC_Free &rArr; GUI_Unlock &rArr; GUI_X_Unlock &rArr; osMutexRelease &rArr; xQueueGenericSend &rArr; xTaskResumeAll &rArr; xTaskIncrementTick
</UL>
<BR>[Calls]<UL><LI><a href="#[1d7]">&gt;&gt;</a>&nbsp;&nbsp;&nbsp;GUI_ALLOC_Free
</UL>
<BR>[Address Reference Count : 1]<UL><LI> GUIDEV_UsageBM.o(.rodata)
</UL>
<P><STRONG><a name="[175]"></a>GUI_USAGE_BM_Clear</STRONG> (Thumb, 20 bytes, Stack size unknown bytes, GUIDEV_UsageBM.o(.text.GUI_USAGE_BM_Clear))
<BR><BR>[Stack]<UL><LI>Max Depth = 8 + Unknown Stack Size
<LI>Call Chain = GUI_USAGE_BM_Clear &rArr; memset
</UL>
<BR>[Calls]<UL><LI><a href="#[19]">&gt;&gt;</a>&nbsp;&nbsp;&nbsp;memset
</UL>
<BR>[Address Reference Count : 1]<UL><LI> GUIDEV_UsageBM.o(.rodata)
</UL>
<P><STRONG><a name="[174]"></a>GUI_USAGE_BM_AddHLine</STRONG> (Thumb, 114 bytes, Stack size unknown bytes, GUIDEV_UsageBM.o(.text.GUI_USAGE_BM_AddHLine))
<BR><BR>[Stack]<UL><LI>Max Depth = 8 + Unknown Stack Size
<LI>Call Chain = GUI_USAGE_BM_AddHLine &rArr; memset
</UL>
<BR>[Calls]<UL><LI><a href="#[19]">&gt;&gt;</a>&nbsp;&nbsp;&nbsp;memset
</UL>
<BR>[Address Reference Count : 1]<UL><LI> GUIDEV_UsageBM.o(.rodata)
</UL>
<P><STRONG><a name="[322]"></a>_Screen2hWin</STRONG> (Thumb, 1136 bytes, Stack size unknown bytes, WM_Screen2Win.o(.text._Screen2hWin))
<BR><BR>[Calls]<UL><LI><a href="#[322]">&gt;&gt;</a>&nbsp;&nbsp;&nbsp;_Screen2hWin
<LI><a href="#[193]">&gt;&gt;</a>&nbsp;&nbsp;&nbsp;GUI_ALLOC_UnlockH
<LI><a href="#[192]">&gt;&gt;</a>&nbsp;&nbsp;&nbsp;GUI_ALLOC_LockH
<LI><a href="#[21e]">&gt;&gt;</a>&nbsp;&nbsp;&nbsp;GUI_ALLOC_h2p
</UL>
<BR>[Called By]<UL><LI><a href="#[322]">&gt;&gt;</a>&nbsp;&nbsp;&nbsp;_Screen2hWin
<LI><a href="#[311]">&gt;&gt;</a>&nbsp;&nbsp;&nbsp;WM_Screen2hWin
</UL>

<P><STRONG><a name="[23]"></a>_Create</STRONG> (Thumb, 56 bytes, Stack size unknown bytes, SCROLLBAR_Skin.o(.text._Create))
<BR><BR>[Calls]<UL><LI><a href="#[193]">&gt;&gt;</a>&nbsp;&nbsp;&nbsp;GUI_ALLOC_UnlockH
<LI><a href="#[192]">&gt;&gt;</a>&nbsp;&nbsp;&nbsp;GUI_ALLOC_LockH
</UL>
<BR>[Address Reference Count : 1]<UL><LI> SCROLLBAR_Skin.o(.data)
</UL>
<P><STRONG><a name="[ae]"></a>_CalcPositions</STRONG> (Thumb, 380 bytes, Stack size unknown bytes, SCROLLBAR_Skin.o(.text._CalcPositions))
<BR><BR>[Stack]<UL><LI>Max Depth = 128 + Unknown Stack Size
<LI>Call Chain = _CalcPositions &rArr; WM_GetWindowRectEx &rArr; GUI_Unlock &rArr; GUI_X_Unlock &rArr; osMutexRelease &rArr; xQueueGenericSend &rArr; xTaskResumeAll &rArr; xTaskIncrementTick
</UL>
<BR>[Calls]<UL><LI><a href="#[306]">&gt;&gt;</a>&nbsp;&nbsp;&nbsp;GUI_MoveRect
<LI><a href="#[193]">&gt;&gt;</a>&nbsp;&nbsp;&nbsp;GUI_ALLOC_UnlockH
<LI><a href="#[192]">&gt;&gt;</a>&nbsp;&nbsp;&nbsp;GUI_ALLOC_LockH
<LI><a href="#[308]">&gt;&gt;</a>&nbsp;&nbsp;&nbsp;WM_GetWindowRectEx
<LI><a href="#[1d2]">&gt;&gt;</a>&nbsp;&nbsp;&nbsp;WM_GetScrollbarV
<LI><a href="#[1d3]">&gt;&gt;</a>&nbsp;&nbsp;&nbsp;WM_GetScrollbarH
<LI><a href="#[332]">&gt;&gt;</a>&nbsp;&nbsp;&nbsp;SCROLLBAR__Rect2VRect
<LI><a href="#[2e1]">&gt;&gt;</a>&nbsp;&nbsp;&nbsp;GUI__DivideRound32
</UL>
<BR>[Called By]<UL><LI><a href="#[22]">&gt;&gt;</a>&nbsp;&nbsp;&nbsp;_Paint
</UL>
<BR>[Address Reference Count : 1]<UL><LI> SCROLLBAR_Skin.o(.text._Create)
</UL>
<P><STRONG><a name="[22]"></a>_Paint</STRONG> (Thumb, 182 bytes, Stack size unknown bytes, SCROLLBAR_Skin.o(.text._Paint))
<BR><BR>[Stack]<UL><LI>Max Depth = 128 + Unknown Stack Size
<LI>Call Chain = _Paint &rArr; _CalcPositions &rArr; WM_GetWindowRectEx &rArr; GUI_Unlock &rArr; GUI_X_Unlock &rArr; osMutexRelease &rArr; xQueueGenericSend &rArr; xTaskResumeAll &rArr; xTaskIncrementTick
</UL>
<BR>[Calls]<UL><LI><a href="#[ae]">&gt;&gt;</a>&nbsp;&nbsp;&nbsp;_CalcPositions
<LI><a href="#[193]">&gt;&gt;</a>&nbsp;&nbsp;&nbsp;GUI_ALLOC_UnlockH
<LI><a href="#[192]">&gt;&gt;</a>&nbsp;&nbsp;&nbsp;GUI_ALLOC_LockH
<LI><a href="#[2ee]">&gt;&gt;</a>&nbsp;&nbsp;&nbsp;WIDGET__GetClientRect
</UL>
<BR>[Address Reference Count : 1]<UL><LI> SCROLLBAR_Skin.o(.data)
</UL>
<P><STRONG><a name="[a0]"></a>_DrawGraspH</STRONG> (Thumb, 94 bytes, Stack size unknown bytes, SCROLLBAR_SkinFlex.o(.text._DrawGraspH))
<BR><BR>[Stack]<UL><LI>Max Depth = 128 + Unknown Stack Size
<LI>Call Chain = _DrawGraspH &rArr; GUI_SetColor &rArr; GUI_Unlock &rArr; GUI_X_Unlock &rArr; osMutexRelease &rArr; xQueueGenericSend &rArr; xTaskResumeAll &rArr; xTaskIncrementTick
</UL>
<BR>[Calls]<UL><LI><a href="#[1ac]">&gt;&gt;</a>&nbsp;&nbsp;&nbsp;GUI_SetColor
<LI><a href="#[1af]">&gt;&gt;</a>&nbsp;&nbsp;&nbsp;GUI_DrawVLine
</UL>
<BR>[Address Reference Count : 1]<UL><LI> SCROLLBAR_SkinFlex.o(.text.SCROLLBAR_DrawSkinFlex)
</UL>
<P><STRONG><a name="[a2]"></a>_DrawGraspV</STRONG> (Thumb, 94 bytes, Stack size unknown bytes, SCROLLBAR_SkinFlex.o(.text._DrawGraspV))
<BR><BR>[Stack]<UL><LI>Max Depth = 128 + Unknown Stack Size
<LI>Call Chain = _DrawGraspV &rArr; GUI_SetColor &rArr; GUI_Unlock &rArr; GUI_X_Unlock &rArr; osMutexRelease &rArr; xQueueGenericSend &rArr; xTaskResumeAll &rArr; xTaskIncrementTick
</UL>
<BR>[Calls]<UL><LI><a href="#[1ac]">&gt;&gt;</a>&nbsp;&nbsp;&nbsp;GUI_SetColor
<LI><a href="#[1ad]">&gt;&gt;</a>&nbsp;&nbsp;&nbsp;GUI_DrawHLine
</UL>
<BR>[Address Reference Count : 1]<UL><LI> SCROLLBAR_SkinFlex.o(.text.SCROLLBAR_DrawSkinFlex)
</UL>
<P><STRONG><a name="[334]"></a>_DrawFrame</STRONG> (Thumb, 244 bytes, Stack size unknown bytes, SCROLLBAR_SkinFlex.o(.text._DrawFrame))
<BR><BR>[Stack]<UL><LI>Max Depth = 128 + Unknown Stack Size
<LI>Call Chain = _DrawFrame &rArr; GUI_SetColor &rArr; GUI_Unlock &rArr; GUI_X_Unlock &rArr; osMutexRelease &rArr; xQueueGenericSend &rArr; xTaskResumeAll &rArr; xTaskIncrementTick
</UL>
<BR>[Calls]<UL><LI><a href="#[1ac]">&gt;&gt;</a>&nbsp;&nbsp;&nbsp;GUI_SetColor
<LI><a href="#[1b4]">&gt;&gt;</a>&nbsp;&nbsp;&nbsp;GUI_DrawPixel
<LI><a href="#[1af]">&gt;&gt;</a>&nbsp;&nbsp;&nbsp;GUI_DrawVLine
<LI><a href="#[1ad]">&gt;&gt;</a>&nbsp;&nbsp;&nbsp;GUI_DrawHLine
</UL>
<BR>[Called By]<UL><LI><a href="#[a3]">&gt;&gt;</a>&nbsp;&nbsp;&nbsp;_DrawBackgroundV
<LI><a href="#[a1]">&gt;&gt;</a>&nbsp;&nbsp;&nbsp;_DrawBackgroundH
</UL>

<P><STRONG><a name="[a1]"></a>_DrawBackgroundH</STRONG> (Thumb, 94 bytes, Stack size unknown bytes, SCROLLBAR_SkinFlex.o(.text._DrawBackgroundH))
<BR><BR>[Stack]<UL><LI>Max Depth = 128 + Unknown Stack Size
<LI>Call Chain = _DrawBackgroundH &rArr; _DrawFrame &rArr; GUI_SetColor &rArr; GUI_Unlock &rArr; GUI_X_Unlock &rArr; osMutexRelease &rArr; xQueueGenericSend &rArr; xTaskResumeAll &rArr; xTaskIncrementTick
</UL>
<BR>[Calls]<UL><LI><a href="#[334]">&gt;&gt;</a>&nbsp;&nbsp;&nbsp;_DrawFrame
<LI><a href="#[a4]">&gt;&gt;</a>&nbsp;&nbsp;&nbsp;GUI_DrawGradientV
</UL>
<BR>[Address Reference Count : 1]<UL><LI> SCROLLBAR_SkinFlex.o(.text.SCROLLBAR_DrawSkinFlex)
</UL>
<P><STRONG><a name="[a3]"></a>_DrawBackgroundV</STRONG> (Thumb, 94 bytes, Stack size unknown bytes, SCROLLBAR_SkinFlex.o(.text._DrawBackgroundV))
<BR><BR>[Stack]<UL><LI>Max Depth = 128 + Unknown Stack Size
<LI>Call Chain = _DrawBackgroundV &rArr; _DrawFrame &rArr; GUI_SetColor &rArr; GUI_Unlock &rArr; GUI_X_Unlock &rArr; osMutexRelease &rArr; xQueueGenericSend &rArr; xTaskResumeAll &rArr; xTaskIncrementTick
</UL>
<BR>[Calls]<UL><LI><a href="#[334]">&gt;&gt;</a>&nbsp;&nbsp;&nbsp;_DrawFrame
<LI><a href="#[a5]">&gt;&gt;</a>&nbsp;&nbsp;&nbsp;GUI_DrawGradientH
</UL>
<BR>[Address Reference Count : 1]<UL><LI> SCROLLBAR_SkinFlex.o(.text.SCROLLBAR_DrawSkinFlex)
</UL>
<P><STRONG><a name="[17b]"></a>_DrawDownRect</STRONG> (Thumb, 56 bytes, Stack size unknown bytes, WIDGET_Effect_Simple.o(.text._DrawDownRect))
<BR><BR>[Stack]<UL><LI>Max Depth = 128 + Unknown Stack Size
<LI>Call Chain = _DrawDownRect &rArr; GUI_DrawRect &rArr; GUI_Unlock &rArr; GUI_X_Unlock &rArr; osMutexRelease &rArr; xQueueGenericSend &rArr; xTaskResumeAll &rArr; xTaskIncrementTick
</UL>
<BR>[Calls]<UL><LI><a href="#[1c6]">&gt;&gt;</a>&nbsp;&nbsp;&nbsp;LCD_SetColor
<LI><a href="#[290]">&gt;&gt;</a>&nbsp;&nbsp;&nbsp;GUI_RestoreContext
<LI><a href="#[299]">&gt;&gt;</a>&nbsp;&nbsp;&nbsp;GUI_SaveContext_W
<LI><a href="#[242]">&gt;&gt;</a>&nbsp;&nbsp;&nbsp;GUI_DrawRect
</UL>
<BR>[Address Reference Count : 1]<UL><LI> WIDGET_Effect_Simple.o(.rodata)
</UL>
<P><STRONG><a name="[178]"></a>_DrawUp</STRONG> (Thumb, 60 bytes, Stack size unknown bytes, WIDGET_Effect_Simple.o(.text._DrawUp))
<BR><BR>[Stack]<UL><LI>Max Depth = 128 + Unknown Stack Size
<LI>Call Chain = _DrawUp &rArr; WM_GetClientRect &rArr; GUI_Unlock &rArr; GUI_X_Unlock &rArr; osMutexRelease &rArr; xQueueGenericSend &rArr; xTaskResumeAll &rArr; xTaskIncrementTick
</UL>
<BR>[Calls]<UL><LI><a href="#[1c6]">&gt;&gt;</a>&nbsp;&nbsp;&nbsp;LCD_SetColor
<LI><a href="#[290]">&gt;&gt;</a>&nbsp;&nbsp;&nbsp;GUI_RestoreContext
<LI><a href="#[299]">&gt;&gt;</a>&nbsp;&nbsp;&nbsp;GUI_SaveContext_W
<LI><a href="#[1cb]">&gt;&gt;</a>&nbsp;&nbsp;&nbsp;WM_GetClientRect
<LI><a href="#[242]">&gt;&gt;</a>&nbsp;&nbsp;&nbsp;GUI_DrawRect
</UL>
<BR>[Address Reference Count : 1]<UL><LI> WIDGET_Effect_Simple.o(.rodata)
</UL>
<P><STRONG><a name="[179]"></a>_DrawUpRect</STRONG> (Thumb, 56 bytes, Stack size unknown bytes, WIDGET_Effect_Simple.o(.text._DrawUpRect))
<BR><BR>[Stack]<UL><LI>Max Depth = 128 + Unknown Stack Size
<LI>Call Chain = _DrawUpRect &rArr; GUI_DrawRect &rArr; GUI_Unlock &rArr; GUI_X_Unlock &rArr; osMutexRelease &rArr; xQueueGenericSend &rArr; xTaskResumeAll &rArr; xTaskIncrementTick
</UL>
<BR>[Calls]<UL><LI><a href="#[1c6]">&gt;&gt;</a>&nbsp;&nbsp;&nbsp;LCD_SetColor
<LI><a href="#[290]">&gt;&gt;</a>&nbsp;&nbsp;&nbsp;GUI_RestoreContext
<LI><a href="#[299]">&gt;&gt;</a>&nbsp;&nbsp;&nbsp;GUI_SaveContext_W
<LI><a href="#[242]">&gt;&gt;</a>&nbsp;&nbsp;&nbsp;GUI_DrawRect
</UL>
<BR>[Address Reference Count : 1]<UL><LI> WIDGET_Effect_Simple.o(.rodata)
</UL>
<P><STRONG><a name="[17a]"></a>_DrawDown</STRONG> (Thumb, 60 bytes, Stack size unknown bytes, WIDGET_Effect_Simple.o(.text._DrawDown))
<BR><BR>[Stack]<UL><LI>Max Depth = 128 + Unknown Stack Size
<LI>Call Chain = _DrawDown &rArr; WM_GetClientRect &rArr; GUI_Unlock &rArr; GUI_X_Unlock &rArr; osMutexRelease &rArr; xQueueGenericSend &rArr; xTaskResumeAll &rArr; xTaskIncrementTick
</UL>
<BR>[Calls]<UL><LI><a href="#[1c6]">&gt;&gt;</a>&nbsp;&nbsp;&nbsp;LCD_SetColor
<LI><a href="#[290]">&gt;&gt;</a>&nbsp;&nbsp;&nbsp;GUI_RestoreContext
<LI><a href="#[299]">&gt;&gt;</a>&nbsp;&nbsp;&nbsp;GUI_SaveContext_W
<LI><a href="#[1cb]">&gt;&gt;</a>&nbsp;&nbsp;&nbsp;WM_GetClientRect
<LI><a href="#[242]">&gt;&gt;</a>&nbsp;&nbsp;&nbsp;GUI_DrawRect
</UL>
<BR>[Address Reference Count : 1]<UL><LI> WIDGET_Effect_Simple.o(.rodata)
</UL>
<P><STRONG><a name="[284]"></a>_WriteToActiveAlpha</STRONG> (Thumb, 392 bytes, Stack size unknown bytes, GUIDEV_WriteToActiveAlpha.o(.text._WriteToActiveAlpha))
<BR><BR>[Stack]<UL><LI>Max Depth = 128 + Unknown Stack Size
<LI>Call Chain = _WriteToActiveAlpha &rArr; GUI__AllocAlphaBuffer &rArr; GUI_ALLOC_GetFixedBlock &rArr; _EnlargeBlocks &rArr;  _Alloc (Cycle)
</UL>
<BR>[Calls]<UL><LI><a href="#[33c]">&gt;&gt;</a>&nbsp;&nbsp;&nbsp;GUI__CompactPixelIndicesEx
<LI><a href="#[2ac]">&gt;&gt;</a>&nbsp;&nbsp;&nbsp;GUI__AllocAlphaBuffer
<LI><a href="#[2b4]">&gt;&gt;</a>&nbsp;&nbsp;&nbsp;GUI__DoAlphaBlending
<LI><a href="#[1f2]">&gt;&gt;</a>&nbsp;&nbsp;&nbsp;LCD_DrawBitmap
<LI><a href="#[193]">&gt;&gt;</a>&nbsp;&nbsp;&nbsp;GUI_ALLOC_UnlockH
<LI><a href="#[192]">&gt;&gt;</a>&nbsp;&nbsp;&nbsp;GUI_ALLOC_LockH
<LI><a href="#[27b]">&gt;&gt;</a>&nbsp;&nbsp;&nbsp;GUI_MEMDEV_GetDataPtr
</UL>
<BR>[Called By]<UL><LI><a href="#[c6]">&gt;&gt;</a>&nbsp;&nbsp;&nbsp;GUI_MEMDEV__WriteToActiveAlpha
</UL>
<P>
<H3>
Undefined Global Symbols
</H3><HR></body></html>
